–õ–∞–±–æ—Ä–∞—Ç–æ—Ä–Ω–∞—è —Ä–∞–±–æ—Ç–∞ ‚Ññ1. –§–∞–π–ª–æ–≤—ã–µ —Å–∏—Å—Ç–µ–º—ã Unix-–ø–æ–¥–æ–±–Ω—ã—Ö —Å–∏—Å—Ç–µ–º.
–ö–æ–ø–∞—Å–æ–≤–∞ –ö—Å–µ–Ω–∏—è, –≥—Ä—É–ø–ø–∞ 3384

ksenox@pupup:~$ date
Sun Feb 23 10:48:19 AM UTC 2025
ksenox@pupup:~$ who
ksenox   seat0        2025-02-23 10:23 (login screen)
ksenox   tty2         2025-02-23 10:23 (tty2)
ksenox@pupup:~$ uname -a
Linux pupup 6.11.0-17-generic #17~24.04.2-Ubuntu SMP PREEMPT_DYNAMIC Mon Jan 20 22:48:29 UTC 2 x86_64 x86_64 x86_64 GNU/Linux
ksenox@pupup:~$ hostnamectl
 Static hostname: pupup
       Icon name: computer-vm
         Chassis: vm üñ¥
      Machine ID: ba2a136d17fa40178ee31bf155ffbbab
         Boot ID: e15cad77e7cd441591b9128a3fd1250d
  Virtualization: oracle
Operating System: Ubuntu 24.04.1 LTS              
          Kernel: Linux 6.11.0-17-generic
    Architecture: x86-64
 Hardware Vendor: innotek GmbH
  Hardware Model: VirtualBox
Firmware Version: VirtualBox
   Firmware Date: Fri 2006-12-01
    Firmware Age: 18y 2month 3w 3d                
ksenox@pupup:~$ lscpu
–ê—Ä—Ö–∏—Ç–µ–∫—Ç—É—Ä–∞:               x86_64
  CPU op-mode(s):          32-bit, 64-bit
  Address sizes:           48 bits physical, 48 bits virtual
  –ü–æ—Ä—è–¥–æ–∫ –±–∞–π—Ç:            Little Endian
CPU(s):                    5
  On-line CPU(s) list:     0-4
ID –ø—Ä—Ä–æ–∏–∑–≤–æ–¥–∏—Ç–µ–ª—è:         AuthenticAMD
  –ò–º—è –º–æ–¥–µ–ª–∏:              AMD Ryzen 7 7730U with Radeon Graphics
    –°–µ–º–µ–π—Å—Ç–≤–æ –¶–ü–£:         25
    –ú–æ–¥–µ–ª—å:                80
    –ü–æ—Ç–æ–∫–æ–≤ –Ω–∞ —è–¥—Ä–æ:       1
    –Ø–¥–µ—Ä –Ω–∞ —Å–æ–∫–µ—Ç:         5
    –°–æ–∫–µ—Ç–æ–≤:               1
    –°—Ç–µ–ø–ø–∏–Ω–≥:              0
    BogoMIPS:              3992.34
    –§–ª–∞–≥–∏:                 fpu vme de pse tsc msr pae mce cx8 apic sep mtrr pge 
                           mca cmov pat pse36 clflush mmx fxsr sse sse2 ht sysca
                           ll nx mmxext fxsr_opt rdtscp lm constant_tsc rep_good
                            nopl nonstop_tsc cpuid extd_apicid tsc_known_freq pn
                           i pclmulqdq ssse3 cx16 sse4_1 sse4_2 movbe popcnt aes
                            rdrand hypervisor lahf_lm cmp_legacy cr8_legacy abm 
                           sse4a misalignsse 3dnowprefetch vmmcall fsgsbase bmi1
                            bmi2 invpcid rdseed adx clflushopt sha_ni arat debug
                           _swap
Virtualization features:   
  –†–∞–∑—Ä–∞–±–æ—Ç—á–∏–∫ –≥–∏–ø–µ—Ä–≤–∏–∑–æ—Ä–∞: KVM
  –¢–∏–ø –≤–∏—Ä—Ç—É–∞–ª–∏–∑–∞—Ü–∏–∏:       –ø–æ–ª–Ω—ã–π
Caches (sum of all):       
  L1d:                     160 KiB (5 instances)
  L1i:                     160 KiB (5 instances)
  L2:                      2.5 MiB (5 instances)
  L3:                      80 MiB (5 instances)
NUMA:                      
  NUMA node(s):            1
  NUMA node0 CPU(s):       0-4
Vulnerabilities:           
  Gather data sampling:    Not affected
  Itlb multihit:           Not affected
  L1tf:                    Not affected
  Mds:                     Not affected
  Meltdown:                Not affected
  Mmio stale data:         Not affected
  Reg file data sampling:  Not affected
  Retbleed:                Not affected
  Spec rstack overflow:    Vulnerable: Safe RET, no microcode
  Spec store bypass:       Not affected
  Spectre v1:              Mitigation; usercopy/swapgs barriers and __user point
                           er sanitization
  Spectre v2:              Mitigation; Retpolines; STIBP disabled; RSB filling; 
                           PBRSB-eIBRS Not affected; BHI Not affected
  Srbds:                   Not affected
  Tsx async abort:         Not affected
  
–ó–∞–¥–∞–Ω–∏–µ 1.
–°–æ–∑–¥–∞–º —Ñ–∞–π–ª test_ls.txt –¥–ª—è —Ç–æ–≥–æ, —á—Ç–æ–±—ã –∑–∞–ø–∏—Å–∞—Ç—å —Ç—É–¥–∞ —Ä–µ–∑—É–ª—å—Ç–∞—Ç —Ä–∞–±–æ—Ç—ã —Å –∫–æ–º–∞–Ω–¥–æ–π ls –≤ —Ç–µ—Ä–º–∏–Ω–∞–ª–µ.

ksenox@pupup:/$ sudo touch home/ksenox/test_ls.txt
ksenox@pupup:/$ cd home/ksenox/
ksenox@pupup:~$ ls -l
–∏—Ç–æ–≥–æ 128
drwxr-xr-x 2 ksenox ksenox  4096 Feb 17 21:39 Desktop
drwxr-xr-x 2 ksenox ksenox  4096 Feb 17 21:39 Documents
drwxr-xr-x 2 ksenox ksenox  4096 Feb 22 20:10 Downloads
drwxr-xr-x 2 ksenox ksenox  4096 Feb 17 21:39 Music
-rw-rw-r-- 1 ksenox ksenox   162 Feb 23 10:52 mylog.log
drwxr-xr-x 2 ksenox ksenox  4096 Feb 17 21:39 Pictures
drwxr-xr-x 2 ksenox ksenox  4096 Feb 17 21:39 Public
drwx------ 5 ksenox ksenox  4096 Feb 23 09:11 snap
drwxr-xr-x 2 ksenox ksenox  4096 Feb 17 21:39 Templates
-rw-rw-r-- 1 ksenox ksenox 86016 Feb 23 11:19 terminal.log
-rw-r--r-- 1 root   root       0 Feb 23 11:16 test_ls.txt
drwxr-xr-x 2 ksenox ksenox  4096 Feb 17 21:39 Videos
ksenox@pupup:~$ sudo chmod a+w test_ls.txt 
ksenox@pupup:~$ ls -l
–∏—Ç–æ–≥–æ 132
drwxr-xr-x 2 ksenox ksenox  4096 Feb 17 21:39 Desktop
drwxr-xr-x 2 ksenox ksenox  4096 Feb 17 21:39 Documents
drwxr-xr-x 2 ksenox ksenox  4096 Feb 22 20:10 Downloads
drwxr-xr-x 2 ksenox ksenox  4096 Feb 17 21:39 Music
-rw-rw-r-- 1 ksenox ksenox   162 Feb 23 10:52 mylog.log
drwxr-xr-x 2 ksenox ksenox  4096 Feb 17 21:39 Pictures
drwxr-xr-x 2 ksenox ksenox  4096 Feb 17 21:39 Public
drwx------ 5 ksenox ksenox  4096 Feb 23 09:11 snap
drwxr-xr-x 2 ksenox ksenox  4096 Feb 17 21:39 Templates
-rw-rw-r-- 1 ksenox ksenox 90112 Feb 23 11:22 terminal.log
-rw-rw-rw- 1 root   root       0 Feb 23 11:16 test_ls.txt
drwxr-xr-x 2 ksenox ksenox  4096 Feb 17 21:39 Videos

–ü–æ–∏—Å–∫ –æ–±—ã—á–Ω–æ–≥–æ —Ñ–∞–π–ª–∞ (-):
ksenox@pupup:/$ sudo ls -lR / | grep "^-" | head -n 1 | sudo tee /home/ksenox/test_ls.txt
-rw-r--r-- 1 root root   292076 Jan 20 20:47 config-6.11.0-17-generic

–ü–æ–∏—Å–∫ –¥–∏—Ä–µ–∫—Ç–æ—Ä–∏–∏ (d):
ksenox@pupup:/$ sudo ls -lR / | grep "^d" | head -n 1 | sudo tee -a  /home/ksenox/test_ls.txt
drwxr-xr-x   2 root root  4096 Feb 26  2024 bin.usr-is-merged

–ü–æ–∏—Å–∫ —Å–∏–º–≤–æ–ª–∏—á–µ—Å–∫–æ–π —Å—Å—ã–ª–∫–∏ (l):
ksenox@pupup:/$ sudo ls -lR / | grep "^l" | head -n 1 | sudo tee -a  /home/ksenox/test_ls.txt
lrwxrwxrwx   1 root root     7 Apr 22  2024 bin -> usr/bin

–ü–æ–∏—Å–∫ –±–ª–æ—á–Ω–æ–≥–æ —É—Å—Ç—Ä–æ–π—Å—Ç–≤–∞ (b):
ksenox@pupup:/$ sudo ls -lR / | grep "^b" | head -n 1 | sudo tee -a  /home/ksenox/test_ls.txt
brw-rw----  1 root   disk      7,   0 Feb 23 10:16 loop0

–ü–æ–∏—Å–∫ —Å–∏–º–≤–æ–ª—å–Ω–æ–≥–æ —É—Å—Ç—Ä–æ–π—Å—Ç–≤–∞ (—Å):
ksenox@pupup:/$ sudo ls -lR / | grep "^c" | head -n 1 | sudo tee -a  /home/ksenox/test_ls.txt
crw-r--r--  1 root   root     10, 235 Feb 23 10:16 autofs

–ü–æ–∏—Å–∫ FIFO (p):
ksenox@pupup:/$ sudo ls -lR / | grep "^p" | head -n 1 | sudo tee -a  /home/ksenox/test_ls.txt
prw-------  1 root              root      0 Feb 23 10:16 initctl

–ü–æ–∏—Å–∫ —Å–æ–∫–µ—Ç–∞ (s):
ksenox@pupup:/$ sudo ls -lR / | grep "^s" | head -n 1 | sudo tee -a  /home/ksenox/test_ls.txt
srw-rw-rw-  1 root              root      0 Feb 23 10:16 snapd-snap.socket

ksenox@pupup:~$ cat test_ls.txt 
-rw-r--r-- 1 root root   292076 Jan 20 20:47 config-6.11.0-17-generic
drwxr-xr-x   2 root root  4096 Feb 26  2024 bin.usr-is-merged
lrwxrwxrwx   1 root root     7 Apr 22  2024 bin -> usr/bin
crw-r--r--  1 root   root     10, 235 Feb 23 10:16 autofs
srw-rw-rw-  1 root              root      0 Feb 23 10:16 snapd-snap.socket
prw-------  1 root              root      0 Feb 23 10:16 initctl
crw-r--r--  1 root   root     10, 235 Feb 23 10:16 autofs

–ù–∞–ø–∏—à—É —Å–∫—Ä–∏–ø—Ç, –∫–æ—Ç–æ—Ä—ã–π —Ä–µ–∫—É—Ä—Å–∏–≤–Ω–æ –ø—Ä–æ—Ö–æ–¥–∏—Ç –ø–æ –¥–∏—Ä–µ–∫—Ç–æ—Ä–∏—è–º –∏ –∏—â–µ—Ç —Ä–∞–∑–Ω—ã–µ –§–°:
ksenox@pupup:~$ nano /home/ksenox/find_files_script.sh
ksenox@pupup:~$ cat find_files_script.sh 
#!/bin/bash

if [ -z "$1" ]; then
	echo "–û—à–∏–±–∫–∞: –Ω–µ –∑–∞–¥–∞–Ω–æ –∏–º—è –≤—ã—Ö–æ–¥–Ω–æ–≥–æ —Ñ–∞–π–ª–∞"
	exit 1
fi

out_file=$1
> "$out_file"

find_files(){
	local type="$1"
	
	sudo ls -lR / 2>/dev/null | grep "^$type" |  head -n 1 | sudo tee -a "$out_file"

}

find_files "-"
find_files "d"
find_files "c"
find_files "l"
find_files "b"
find_files "p"
find_files "s"

ksenox@pupup:~$ sudo chmod +x  find_files_script.sh 
ksenox@pupup:~$ touch test_script.txt
ksenox@pupup:~$ ls -l
–∏—Ç–æ–≥–æ 1312
drwxr-xr-x 2 ksenox ksenox    4096 Feb 17 21:39 Desktop
drwxr-xr-x 2 ksenox ksenox    4096 Feb 17 21:39 Documents
drwxr-xr-x 2 ksenox ksenox    4096 Feb 22 20:10 Downloads
-rwxrwxr-x 1 ksenox ksenox     375 Feb 23 13:11 find_files_script.sh
drwxr-xr-x 2 ksenox ksenox    4096 Feb 17 21:39 Music
-rw-rw-r-- 1 ksenox ksenox    7390 Feb 23 13:19 mylog.log
-rw-rw-r-- 1 ksenox ksenox     446 Feb 23 13:07 out_file
drwxr-xr-x 2 ksenox ksenox    4096 Feb 17 21:39 Pictures
drwxr-xr-x 2 ksenox ksenox    4096 Feb 17 21:39 Public
drwx------ 5 ksenox ksenox    4096 Feb 23 09:11 snap
drwxr-xr-x 2 ksenox ksenox    4096 Feb 17 21:39 Templates
-rw-rw-r-- 1 ksenox ksenox 1282048 Feb 23 13:20 terminal.log
-rw-rw-rw- 1 root   root       448 Feb 23 12:03 test_ls.txt
-rw-rw-r-- 1 ksenox ksenox       0 Feb 23 13:20 test_script.txt
drwxr-xr-x 2 ksenox ksenox    4096 Feb 17 21:39 Videos

–ó–∞–ø—É—Å–∫–∞–µ–º —Å–∫—Ä–∏–ø—Ç find_filed_script.sh:
ksenox@pupup:~$ ./find_files_script.sh ./test_script.txt
-rw-r--r-- 1 root root   292076 Jan 20 20:47 config-6.11.0-17-generic
drwxr-xr-x   2 root root  4096 Feb 26  2024 bin.usr-is-merged
crw-r--r--  1 root   root     10, 235 Feb 23 10:16 autofs
lrwxrwxrwx   1 root root     7 Apr 22  2024 bin -> usr/bin
brw-rw----  1 root   disk      7,   0 Feb 23 10:16 loop0
prw-------  1 root              root      0 Feb 23 10:16 initctl
srw-rw-rw-  1 root              root      0 Feb 23 10:16 snapd-snap.socket

–ó–∞–¥–∞–Ω–∏–µ 2. –ù–∞–π—Ç–∏ –∂–µ—Å–∫–∏–µ —Å—Å—ã–ª–∫–∏ –º–æ–∂–Ω–æ —Å –ø–æ–º–æ—â—å—é –∫–æ–º–∞–Ω–¥—ã ls –∏ —Ñ–ª–∞–≥–æ–≤ -i (–ø–æ–∫–∞–∑—ã–≤–∞–µ—Ç –≤—Å–µ inode - –∞ –≤—Å–µ –∂–µ—Å—Ç–∫–∏–µ —Å—Å—ã–ª–∫–∏ –Ω–∞ —Ñ–∞–π–ª –∏–º–µ—é—Ç –æ–¥–∏–Ω–∞–∫–æ–≤—ã–π inode) –∏ -l (–ø–æ–∫–∞–∑—ã–≤–∞–µ—Ç –ø–æ–¥—Ä–æ–±–Ω—É—é –∏–Ω—Ñ–æ—Ä–º–∞—Ü–∏—é –æ —Ñ–∞–π–ª–µ).
–ü–æ–ª—É—á–∞–µ—Ç—Å—è, —á—Ç–æ –∑–∞–¥–∞—á–∞ —Å–≤–æ–¥–∏—Ç—Å—è –∫ —Ç–æ–º—É, —á—Ç–æ–±—ã –ø—Ä–æ—Å—Ç–æ –Ω–∞–π—Ç–∏ –æ–¥–∏–Ω–∞–∫–æ–≤—ã–µ inode —É —Ñ–∞–π–ª–æ–≤.

ksenox@pupup:~$ vim find_hl_script.sh
ksenox@pupup:~$ cat find_hl_script.sh 
ksenox@pupup:~$ cat find_hl_script.sh 
#!/bin/bash

if [ -z "$1" ]; then
	echo "–û—à–∏–±–∫–∞: –Ω–µ –∑–∞–¥–∞–Ω–æ –∏–º—è —Ñ–∞–π–ª–∞ –¥–ª—è –ø–æ–∏—Å–∫–∞ –∂–µ—Å—Ç–∫–∏—Ö —Å—Å—ã–ª–æ–∫"
	exit 1
fi

if [ -z "$2" ]; then
	echo "–û—à–∏–±–∫–∞: –Ω–µ –∑–∞–¥–∞–Ω–æ –∏–º—è –≤—ã—Ö–æ–¥–Ω–æ–≥–æ —Ñ–∞–π–ª–∞"
	exit 1
fi

file=$1
out_file=$2

inode=$(ls -i "$file" | awk '{print $1}')

if [ -z "$inode" ]; then
	echo "–û—à–∏–±–∫–∞: —Ñ–∞–π–ª –Ω–µ —Å—É—â–µ—Å—Ç–≤—É–µ—Ç" 
	exit 1
fi

sudo ls -liR / 2>/dev/null | grep "^$inode" | awk '{print}'| sudo tee "$out_file"

ksenox@pupup:~$ chmod +x find_hl_script.sh 
ksenox@pupup:~$ ls -l
–∏—Ç–æ–≥–æ 68
drwxr-xr-x 2 ksenox ksenox 4096 Feb 17 21:39 Desktop
drwxr-xr-x 2 ksenox ksenox 4096 Feb 17 21:39 Documents
drwxr-xr-x 2 ksenox ksenox 4096 Feb 22 20:10 Downloads
-rwxrwxr-x 1 ksenox ksenox  375 Feb 23 13:11 find_files_script.sh
-rwxrwxr-x 1 ksenox ksenox  513 Feb 23 13:51 find_hl_script.sh
drwxr-xr-x 2 ksenox ksenox 4096 Feb 17 21:39 Music
-rw-rw-r-- 1 ksenox ksenox 9882 Feb 23 13:37 mylog.log
-rw-rw-r-- 1 ksenox ksenox  446 Feb 23 13:07 out_file
drwxr-xr-x 2 ksenox ksenox 4096 Feb 17 21:39 Pictures
drwxr-xr-x 2 ksenox ksenox 4096 Feb 17 21:39 Public
drwx------ 5 ksenox ksenox 4096 Feb 23 09:11 snap
drwxr-xr-x 2 ksenox ksenox 4096 Feb 17 21:39 Templates
-rw-rw-rw- 1 root   root    448 Feb 23 12:03 test_ls.txt
-rw-rw-r-- 1 ksenox ksenox  446 Feb 23 13:21 test_script.txt
drwxr-xr-x 2 ksenox ksenox 4096 Feb 17 21:39 Videos

–°–æ–∑–¥–∞–¥–∏–º —Ñ–∞–π–ª –∏ –∂–µ—Å—Ç–∫–∏–µ —Å—Å—ã–ª–∫–∏ –∫ –Ω–µ–º—É:
ksenox@pupup:~$ sudo touch /home/original_file.txt
ksenox@pupup:~$ sudo ln /home/original_file.txt /home/hl.txt
ksenox@pupup:~$ sudo ln /home/original_file.txt /home/ksenox/hl.txt
ksenox@pupup:~$ sudo ln /home/original_file.txt /home/ksenox/Desktop/hl.txt

–ó–∞–ø—É—Å–∫–∞–µ–º —Å–∫—Ä–∏–ø—Ç find_hl_script.sh:
ksenox@pupup:~$ ./find_hl_script.sh /home/original_file.txt ./test_hl_script.txt
2494200 -rw-r--r--  4 root   root      0 Feb 23 14:06 hl.txt
2494200 -rw-r--r--  4 root   root      0 Feb 23 14:06 original_file.txt
2494200 -rw-r--r-- 4 root   root      0 Feb 23 14:06 hl.txt
2494200 -rw-r--r-- 4 root root 0 Feb 23 14:06 hl.txt

–ó–∞–¥–∞–Ω–∏–µ 3.
–°–æ–∑–¥–∞–¥–∏–º —Å–∏–º–≤–æ–ª—å–Ω—ã–µ —Å—Å—ã–ª–∫–∏ —Ä–∞–∑–Ω—ã–º–∏ —Å–ø–æ—Å–æ–±–∞–º–∏ (ln, cp):
ksenox@pupup:/home$ ln -s /home/original_file.txt /home/ksenox
ksenox@pupup:~$ cp -P --symbolic-link /home/original_file.txt /home/ksenox/Desktop/
ksenox@pupup:~$ link /home/original_file.txt ./Videos/hard_link.txt
ksenox@pupup:~$ ls -il
–∏—Ç–æ–≥–æ 80
2490427 drwxr-xr-x 2 ksenox ksenox  4096 Feb 23 15:09 Desktop
2490431 drwxr-xr-x 2 ksenox ksenox  4096 Feb 17 21:39 Documents
2490428 drwxr-xr-x 2 ksenox ksenox  4096 Feb 22 20:10 Downloads
2494322 -rwxrwxr-x 1 ksenox ksenox   375 Feb 23 13:11 find_files_script.sh
2494398 -rwxrwxr-x 1 ksenox ksenox   504 Feb 23 14:55 find_hl_script.sh
2494200 -rw-rw-rw- 5 root   root      13 Feb 23 15:07 hl.txt
2490432 drwxr-xr-x 2 ksenox ksenox  4096 Feb 17 21:39 Music
2496116 -rw-rw-r-- 1 ksenox ksenox 14284 Feb 23 15:22 mylog.log
2494195 lrwxrwxrwx 1 ksenox ksenox    23 Feb 23 15:08 original_file.txt -> /home/original_file.txt
2493674 -rw-rw-r-- 1 ksenox ksenox   446 Feb 23 13:07 out_file
2490433 drwxr-xr-x 2 ksenox ksenox  4096 Feb 17 21:39 Pictures
2490430 drwxr-xr-x 2 ksenox ksenox  4096 Feb 17 21:39 Public
2490376 drwx------ 5 ksenox ksenox  4096 Feb 23 09:11 snap
2490429 drwxr-xr-x 2 ksenox ksenox  4096 Feb 17 21:39 Templates
2494344 -rw-r--r-- 1 root   root     246 Feb 23 14:56 test_hl_script.txt
2494202 -rw-rw-rw- 1 root   root     539 Feb 23 14:22 test_ls.txt
2494197 -rw-rw-r-- 1 ksenox ksenox   446 Feb 23 13:21 test_script.txt
2490434 drwxr-xr-x 2 ksenox ksenox  4096 Feb 23 15:17 Videos
ksenox@pupup:~$ cd Desktop/
ksenox@pupup:~/Desktop$ ls -l
–∏—Ç–æ–≥–æ 4
-rw-rw-rw- 5 root   root   13 Feb 23 15:07 hl.txt
lrwxrwxrwx 1 ksenox ksenox 23 Feb 23 15:09 original_file.txt -> /home/original_file.txt
ksenox@pupup:~/Documents$ cd ~/Videos/
ksenox@pupup:~/Videos$ ls -il
–∏—Ç–æ–≥–æ 4
2494200 -rw-rw-rw- 5 root root 13 Feb 23 15:07 hard_link.txt

–ú–æ–∂–µ–º –Ω–∞–≥–ª—è–¥–Ω–æ –≤–∏–¥–µ—Ç—å, —á—Ç–æ –∫–æ–º–∞–Ω–¥–∞ link —Å–æ–∑–¥–∞–ª–∞ –∂–µ—Å—Ç–∫—É—é —Å—Å—ã–ª–∫—É, –ø–æ—ç—Ç–æ–º—É –æ–Ω–∞ –Ω–µ –ø–æ–¥—Ö–æ–¥–∏—Ç –¥–ª—è —Å–æ–∑–¥–∞–Ω–∏—è —Å–∏–º–≤–æ–ª—å–Ω—ã—Ö —Å—Å—ã–ª–æ–∫.
–ù–∞–ø–∏—à–µ–º —Å–∫—Ä–∏–ø—Ç –¥–ª—è –ø–æ–¥—Å—á–∏—Ç—ã–≤–∞–Ω–∏—è –∏ –ø–µ—Ä–µ—á–∏—Å–ª–µ–Ω–∏—è –≤—Å–µ—Ö –ø–æ–ª–Ω–æ–∏–º–µ–Ω–Ω—ã—Ö —Å–∏–º–≤–æ–ª—å–Ω—ã—Ö —Å—Å—ã–ª–æ–∫ –Ω–∞ —Ñ–∞–π–ª:
ksenox@pupup:~$ vim find_sc_script.sh
ksenox@pupup:~$ cat find_sc_script.sh 
#!/bin/bash

if [ -z "$1" ]; then
	echo "–û—à–∏–±–∫–∞: —É–∫–∞–∑–∞–Ω –Ω–µ–ø—Ä–∞–≤–∏–ª—å–Ω—ã–π —Ñ–∞–π–ª, –¥–ª—è –∫–æ—Ç–æ—Ä–æ–≥–æ –Ω–∞–¥–æ –∏—Å–∫–∞—Ç—å —Å–∏–º–≤–æ–ª—å—á–µ—Å–∫–∏–µ —Å—Å—ã–ª–∫–∏"
	exit 1
fi

if [ -z "$2" ]; then
	echo "–û—à–∏–±–∫–∞: —É–∫–∞–∑–∞–Ω –Ω–µ–ø—Ä–∞–≤–∏–ª—å–Ω—ã–π –≤—ã—Ö–æ–¥–Ω–æ–π —Ñ–∞–π–ª"
	exit 1
fi

file=$(realpath "$1")
out_file=$2
> "$out_file"

sudo ls -lR / 2>/dev/null | grep " -> " | awk -v target="$file" -v counter=0 '
{
	link_path = $NF
	if (link_path == target){
		print $0
		counter++
	}
}
END {
	print counter
}' | tee -a "$out_file"

ksenox@pupup:~$ sudo chmod +x find_sc_script.sh
ksenox@pupup:~$ ./find_sc_script.sh /home/original_file.txt ./test_sc_script.txt 
lrwxrwxrwx 1 ksenox ksenox    23 Feb 23 15:08 original_file.txt -> /home/original_file.txt
lrwxrwxrwx 1 ksenox ksenox 23 Feb 23 15:09 original_file.txt -> /home/original_file.txt
2

–ó–∞–¥–∞–Ω–∏–µ 4. –ù–∞–π–¥–µ–º –≤—Å–µ —Å–∏–º–≤–æ–ª—å–Ω—ã–µ —Å—Å—ã–ª–∫–∏ –Ω–∞ –∑–∞–¥–∞–Ω–Ω—ã–π –≤ –∫–∞—á–µ—Å—Ç–≤–µ –≤—Ö–æ–¥–Ω–æ–≥–æ –ø–∞—Ä–∞–º–µ—Ç—Ä–∞ —Ñ–∞–π–ª, –ø—Ä–∏–º–µ–Ω—è—è —Ä–∞–∑–Ω—ã–µ –∫–æ–º–∞–Ω–¥—ã (–∫—Ä–æ–º–µ file).
ksenox@pupup:~$ ls -lR / 2>/dev/null | grep " -> " | grep "original_file.txt"
lrwxrwxrwx 1 ksenox ksenox    23 Feb 23 15:08 original_file.txt -> /home/original_file.txt
lrwxrwxrwx 1 ksenox ksenox 23 Feb 23 15:09 original_file.txt -> /home/original_file.txt
ksenox@pupup:~$ sudo find / -type l -iname "original_file.txt" 2>/dev/null
/home/ksenox/original_file.txt
/home/ksenox/Desktop/original_file.txt
ksenox@pupup:~$ sudo find / -type l -lname "/home/original_file.txt" 2>/dev/null/home/ksenox/original_file.txt
/home/ksenox/Desktop/original_file.txt

–ó–∞–¥–∞–Ω–∏–µ 5. –ò–∑—É—á–∏–º —É—Ç–∏–ª–∏—Ç—É find
ksenox@pupup:~$ find --help
–ò—Å–ø–æ–ª—å–∑–æ–≤–∞–Ω–∏–µ: find [-H] [-L] [-P] [-O—É—Ä–æ–≤–µ–Ω—å] [-D debugopts] [–ø—É—Ç—å‚Ä¶] [–≤—ã—Ä–∞–∂–µ–Ω–∏–µ]

–ü—É—Ç—ë–º –ø–æ —É–º–æ–ª—á–∞–Ω–∏—é —è–≤–ª—è–µ—Ç—Å—è —Ç–µ–∫—É—â–∏–π –∫–∞—Ç–∞–ª–æ–≥; –≤—ã—Ä–∞–∂–µ–Ω–∏–µ –ø–æ —É–º–æ–ª—á–∞–Ω–∏—é: -print.
–í—ã—Ä–∞–∂–µ–Ω–∏–µ –º–æ–∂–µ—Ç —Å–æ—Å—Ç–æ—è—Ç—å –∏–∑ –æ–ø–µ—Ä–∞—Ç–æ—Ä–æ–≤, –ø–∞—Ä–∞–º–µ—Ç—Ä–æ–≤, —Ç–µ—Å—Ç–æ–≤ –∏ –¥–µ–π—Å—Ç–≤–∏–π.

–û–ø–µ—Ä–∞—Ç–æ—Ä—ã (–≤ –Ω–∏—Å—Ö–æ–¥—è—â–µ–º –ø–æ—Ä—è–¥–∫–µ; -and –±–µ—Ä—ë—Ç—Å—è –ø–æ —É–º–æ–ª—á–∞–Ω–∏—é, –µ—Å–ª–∏ –¥—Ä—É–≥–∏—Ö –Ω–µ—Ç):
      ( EXPR )   ! EXPR   -not EXPR   EXPR1 -a EXPR2   EXPR1 -and EXPR2
      EXPR1 -o EXPR2   EXPR1 -or EXPR2   EXPR1 , EXPR2

–ü–æ–∑–∏—Ü–∏–æ–Ω–Ω—ã–µ –ø–∞—Ä–∞–º–µ—Ç—Ä—ã (–≤—Å–µ–≥–¥–∞ –∏—Å—Ç–∏–Ω–Ω—ã):
      -daystart -follow -nowarn -regextype -warn

Normal options (always true, specified before other expressions):
      -depth -files0-from FILE -maxdepth LEVELS -mindepth LEVELS
       -mount -noleaf -xdev -ignore_readdir_race -noignore_readdir_race

–¢–µ—Å—Ç—ã (N –º–æ–∂–µ—Ç –±—ã—Ç—å +N, -N –∏–ª–∏ N):
      -amin N -anewer FILE -atime N -cmin N -cnewer –§–ê–ô–õ -context –ö–û–ù–¢–ï–ö–°–¢
      -ctime N -empty -false -fstype –¢–ò–ü -gid N -group –ò–ú–Ø -ilname –®–ê–ë–õ–û–ù
      -iname –®–ê–ë–õ–û–ù -inum N -iwholename –®–ê–ë–õ–û–ù -iregex –®–ê–ë–õ–û–ù
      -links N -lname –®–ê–ë–õ–û–ù -mmin N -mtime N -name –®–ê–ë–õ–û–ù -newer –§–ê–ô–õ
      -nouser -nogroup -path –®–ê–ë–õ–û–ù -perm [-/]–†–ï–ñ–ò–ú -regex –®–ê–ë–õ–û–ù
      -readable -writable -executable
      -wholename –®–ê–ë–õ–û–ù -size N[bcwkMG] -true -type [bcdpflsD] -uid N
      -used N -user –ò–ú–Ø -xtype [bcdpfls]

–î–µ–π—Å—Ç–≤–∏—è:
      -delete -print0 -printf –§–û–†–ú–ê–¢ -fprintf –§–ê–ô–õ –§–û–†–ú–ê–¢ -print 
      -fprint0 –§–ê–ô–õ -fprint –§–ê–ô–õ -ls -fls –§–ê–ô–õ -prune -quit
      -exec –ö–û–ú–ê–ù–î–ê ; -exec –ö–û–ú–ê–ù–î–ê {} + -ok –ö–û–ú–ê–ù–î–ê ;
      -execdir –ö–û–ú–ê–ù–î–ê ; -execdir –ö–û–ú–ê–ù–î–ê {} + -okdir –ö–û–ú–ê–ù–î–ê ;

–û—Å—Ç–∞–ª—å–Ω—ã–µ –æ–±—â–∏–µ –ø–∞—Ä–∞–º–µ—Ç—Ä—ã:
      --help                   –ø–æ–∫–∞–∑–∞—Ç—å —ç—Ç—É —Å–ø—Ä–∞–≤–∫—É –∏ –≤—ã–π—Ç–∏
      --version                –ø–æ–∫–∞–∑–∞—Ç—å –Ω–æ–º–µ—Ä –≤–µ—Ä—Å–∏–∏ –∏ –≤—ã–π—Ç–∏

–î–æ–ø—É—Å—Ç–∏–º—ã–µ –∞—Ä–≥—É–º–µ–Ω—Ç—ã –¥–ª—è -D:
exec, opt, rates, search, stat, time, tree, all, help
–û–ø–∏—Å–∞–Ω–∏–µ –ø–∞—Ä–∞–º–µ—Ç—Ä–æ–≤ –¥–æ—Å—Ç—É–ø–Ω–æ –ø–æ –∫–æ–º–∞–Ω–¥–µ ¬´-D help¬ª –∏–ª–∏ –≤ find(1)

–¢–∞–∫–∂–µ –æ–±—Ä–∞—Ç–∏—Ç–µ—Å—å –∫ –¥–æ–∫—É–º–µ–Ω—Ç–∞—Ü–∏–∏ https://www.gnu.org/software/findutils/.
–û—Ç–ø—Ä–∞–≤–ª—è–π—Ç–µ —Å–æ–æ–±—â–µ–Ω–∏—è –æ–± –æ—à–∏–±–∫–∞—Ö (–∏ —Å–ª–µ–¥–∏—Ç–µ –∑–∞ —Ö–æ–¥–æ–º –∏—Å–ø—Ä–∞–≤–ª–µ–Ω–∏—è)
–≤ –ø—Ä–æ–≥—Ä–∞–º–º–µ ¬´find¬ª —á–µ—Ä–µ–∑ —Å—Ç—Ä–∞–Ω–∏—Ü—É GNU findutils –ø–æ –∞–¥—Ä–µ—Å—É
https://savannah.gnu.org/bugs/?group=findutils –∏–ª–∏, –µ—Å–ª–∏
–Ω–µ—Ç –¥–æ—Å—Ç—É–ø–∞ –∫ –≤–µ–±, —Ç–æ –ø–∏—à–∏—Ç–µ –Ω–∞ –∞–¥—Ä–µ—Å <bug-findutils@gnu.org>.

–ù–∞–π–¥–µ–º –≤—Å–µ —Ç–∏–ø—ã –§–° –∏ –ø–æ–ª—É—á–∏–º —Ä–∞—Å—à–∏—Ä–µ–Ω–Ω—É—é –∏–Ω—Ñ–æ—Ä–º–∞—Ü–∏—é —á–µ—Ä–µ–∑ –¥–∞–Ω–Ω—É—é —É—Ç–∏–ª–∏—Ç—É:
ksenox@pupup:~$ find /home/ksenox/Desktop/ -type f -exec stat {} \;
  –§–∞–π–ª: /home/ksenox/Desktop/hl.txt
  –†–∞–∑–º–µ—Ä: 13        	–ë–ª–æ–∫–æ–≤: 8          –ë–ª–æ–∫ –í/–í: 4096   –æ–±—ã—á–Ω—ã–π —Ñ–∞–π–ª
–£—Å—Ç—Ä–æ–π—Å—Ç–≤–æ: 8/2	–ò–Ω–æ–¥–∞: 2494200     –°—Å—ã–ª–∫–∏: 5
–î–æ—Å—Ç—É–ø: (0666/-rw-rw-rw-)  Uid: (    0/    root)   Gid: (    0/    root)
–î–æ—Å—Ç—É–ø:        2025-02-23 15:17:12.179629587 +0000
–ú–æ–¥–∏—Ñ–∏—Ü–∏—Ä–æ–≤–∞–Ω: 2025-02-23 15:07:16.130510551 +0000
–ò–∑–º–µ–Ω—ë–Ω:       2025-02-23 15:17:11.887641404 +0000
–°–æ–∑–¥–∞–Ω:        2025-02-23 14:06:40.821025699 +0000
ksenox@pupup:~$ find /home/ksenox/Desktop/ -type l -exec stat {} \;
  –§–∞–π–ª: /home/ksenox/Desktop/original_file.txt -> /home/original_file.txt
  –†–∞–∑–º–µ—Ä: 23        	–ë–ª–æ–∫–æ–≤: 0          –ë–ª–æ–∫ –í/–í: 4096   —Å–∏–º–≤–æ–ª—å–Ω–∞—è —Å—Å—ã–ª–∫–∞
–£—Å—Ç—Ä–æ–π—Å—Ç–≤–æ: 8/2	–ò–Ω–æ–¥–∞: 2496078     –°—Å—ã–ª–∫–∏: 1
–î–æ—Å—Ç—É–ø: (0777/lrwxrwxrwx)  Uid: ( 1000/  ksenox)   Gid: ( 1000/  ksenox)
–î–æ—Å—Ç—É–ø:        2025-02-23 15:09:59.876012993 +0000
–ú–æ–¥–∏—Ñ–∏—Ü–∏—Ä–æ–≤–∞–Ω: 2025-02-23 15:09:59.875013033 +0000
–ò–∑–º–µ–Ω—ë–Ω:       2025-02-23 15:09:59.875013033 +0000
–°–æ–∑–¥–∞–Ω:        2025-02-23 15:09:59.875013033 +0000
ksenox@pupup:~$ find /home/ksenox -type d -exec stat {} \;
  –§–∞–π–ª: /home/ksenox
  –†–∞–∑–º–µ—Ä: 4096      	–ë–ª–æ–∫–æ–≤: 8          –ë–ª–æ–∫ –í/–í: 4096   –∫–∞—Ç–∞–ª–æ–≥
–£—Å—Ç—Ä–æ–π—Å—Ç–≤–æ: 8/2	–ò–Ω–æ–¥–∞: 2490370     –°—Å—ã–ª–∫–∏: 16
–î–æ—Å—Ç—É–ø: (0750/drwxr-x---)  Uid: ( 1000/  ksenox)   Gid: ( 1000/  ksenox)
–î–æ—Å—Ç—É–ø:        2025-02-23 18:38:08.416019095 +0000
–ú–æ–¥–∏—Ñ–∏—Ü–∏—Ä–æ–≤–∞–Ω: 2025-02-23 18:38:01.246208767 +0000
–ò–∑–º–µ–Ω—ë–Ω:       2025-02-23 18:38:01.246208767 +0000
–°–æ–∑–¥–∞–Ω:        2025-02-17 21:38:45.929000000 +0000
ksenox@pupup:~$ find /home/ksenox -type s -exec stat {} \;
  –§–∞–π–ª: /home/ksenox/.cache/ibus/dbus-4CN4W2Xj
  –†–∞–∑–º–µ—Ä: 0         	–ë–ª–æ–∫–æ–≤: 0          –ë–ª–æ–∫ –í/–í: 4096   —Å–æ–∫–µ—Ç
–£—Å—Ç—Ä–æ–π—Å—Ç–≤–æ: 8/2	–ò–Ω–æ–¥–∞: 2494114     –°—Å—ã–ª–∫–∏: 1
–î–æ—Å—Ç—É–ø: (0775/srwxrwxr-x)  Uid: ( 1000/  ksenox)   Gid: ( 1000/  ksenox)
–î–æ—Å—Ç—É–ø:        2025-02-23 10:23:18.308878246 +0000
–ú–æ–¥–∏—Ñ–∏—Ü–∏—Ä–æ–≤–∞–Ω: 2025-02-23 10:23:18.208886992 +0000
–ò–∑–º–µ–Ω—ë–Ω:       2025-02-23 10:23:18.208886992 +0000
–°–æ–∑–¥–∞–Ω:        2025-02-23 10:23:18.208886992 +0000
ksenox@pupup:~$ sudo find / -type p -exec stat {} \;
[sudo] –ø–∞—Ä–æ–ª—å –¥–ª—è ksenox: 
  –§–∞–π–ª: /run/systemd/inaccessible/fifo
  –†–∞–∑–º–µ—Ä: 0         	–ë–ª–æ–∫–æ–≤: 0          –ë–ª–æ–∫ –í/–í: 4096   —Ñ–∞–π–ª-–æ—á–µ—Ä–µ–¥—å
–£—Å—Ç—Ä–æ–π—Å—Ç–≤–æ: 0/25	–ò–Ω–æ–¥–∞: 365         –°—Å—ã–ª–∫–∏: 1
–î–æ—Å—Ç—É–ø: (0000/p---------)  Uid: (    0/    root)   Gid: (    0/    root)
–î–æ—Å—Ç—É–ø:        2025-02-23 17:53:12.314000000 +0000
–ú–æ–¥–∏—Ñ–∏—Ü–∏—Ä–æ–≤–∞–Ω: 2025-02-23 17:53:12.314000000 +0000
–ò–∑–º–µ–Ω—ë–Ω:       2025-02-23 17:53:12.314000000 +0000
–°–æ–∑–¥–∞–Ω:        2025-02-23 17:53:12.314000000 +0000
ksenox@pupup:~$ sudo find / -type b -exec stat {} \;
  –§–∞–π–ª: /run/systemd/inaccessible/blk
  –†–∞–∑–º–µ—Ä: 0         	–ë–ª–æ–∫–æ–≤: 0          –ë–ª–æ–∫ –í/–í: 4096   –±–ª–æ—á–Ω—ã–π —Å–ø–µ—Ü–∏–∞–ª—å–Ω—ã–π —Ñ–∞–π–ª
–£—Å—Ç—Ä–æ–π—Å—Ç–≤–æ: 0/25	–ò–Ω–æ–¥–∞: 368         –°—Å—ã–ª–∫–∏: 1     –¢–∏–ø —É—Å—Ç—Ä–æ–π—Å—Ç–≤–∞: 0,0
–î–æ—Å—Ç—É–ø: (0000/b---------)  Uid: (    0/    root)   Gid: (    0/    root)
–î–æ—Å—Ç—É–ø:        2025-02-23 17:53:12.314000000 +0000
–ú–æ–¥–∏—Ñ–∏—Ü–∏—Ä–æ–≤–∞–Ω: 2025-02-23 17:53:12.314000000 +0000
–ò–∑–º–µ–Ω—ë–Ω:       2025-02-23 17:53:12.314000000 +0000
–°–æ–∑–¥–∞–Ω:        2025-02-23 17:53:12.314000000 +0000
ksenox@pupup:~$ sudo find / -type c -exec stat {} \;
  –§–∞–π–ª: /snap/core22/1564/dev/null
  –†–∞–∑–º–µ—Ä: 0         	–ë–ª–æ–∫–æ–≤: 0          –ë–ª–æ–∫ –í/–í: 1024   —Å–∏–º–≤–æ–ª—å–Ω—ã–π —Å–ø–µ—Ü–∏–∞–ª—å–Ω—ã–π —Ñ–∞–π–ª
–£—Å—Ç—Ä–æ–π—Å—Ç–≤–æ: 7/2	–ò–Ω–æ–¥–∞: 9           –°—Å—ã–ª–∫–∏: 1     –¢–∏–ø —É—Å—Ç—Ä–æ–π—Å—Ç–≤–∞: 1,3
–î–æ—Å—Ç—É–ø: (0666/crw-rw-rw-)  Uid: (    0/    root)   Gid: (    0/    root)
–î–æ—Å—Ç—É–ø:        2024-07-31 14:27:45.000000000 +0000
–ú–æ–¥–∏—Ñ–∏—Ü–∏—Ä–æ–≤–∞–Ω: 2024-07-31 14:27:45.000000000 +0000
–ò–∑–º–µ–Ω—ë–Ω:       2024-07-31 14:27:45.000000000 +0000
–°–æ–∑–¥–∞–Ω:        -

–°–æ–∑–¥–∞–¥–∏–º –ø—Ä–∏–º–µ—Ä—ã –≤–ª–æ–∂–µ–Ω–Ω—ã—Ö –∫–æ–º–∞–Ω–¥:
ksenox@pupup:~$ sudo find / -type d -exec ls -l {} \; | head -n 4
–∏—Ç–æ–≥–æ 88
lrwxrwxrwx   1 root root     7 Apr 22  2024 bin -> usr/bin
drwxr-xr-x   2 root root  4096 Feb 26  2024 bin.usr-is-merged
drwxr-xr-x   3 root root  4096 Feb 17 21:20 b
ksenox@pupup:~$ sudo find / -type l -mtime -3 -exec du -h {} \; | head -n 3
0	/etc/default/locale
0	/etc/alternatives/view.ja.1.gz
0	/etc/alternatives/vi.fr.1.gz
ksenox@pupup:~$ find /home -type f -exec grep -l "Hello world" {} \;
/home/original_file.txt
/home/ksenox/Desktop/hl.txt
/home/ksenox/hl.txt
/home/ksenox/Videos/hard_link.txt
/home/ksenox/.local/share/Trash/files/terminal.log
/home/ksenox/.cache/tracker3/files/http%3A%2F%2Ftracker.api.gnome.org%2Fontology%2Fv3%2Ftracker%23Documents.db
/home/ksenox/.cache/tracker3/files/http%3A%2F%2Ftracker.api.gnome.org%2Fontology%2Fv3%2Ftracker%23Documents.db-wal
/home/hl.txt
ksenox@pupup:~$ find /home/ksenox/ -type l -ctime -1 -exec cp {} /home/ksenox/Music/ \; 2>/dev/null
ksenox@pupup:~$ cd ~/Music/
ksenox@pupup:~/Music$ ls -l
–∏—Ç–æ–≥–æ 16
-rw-rw-r-- 1 ksenox ksenox  142 Feb 23 19:13 bookmarks
-rw-rw-r-- 1 ksenox ksenox   13 Feb 23 19:13 original_file.txt
-rw-rw-r-- 1 ksenox ksenox 7672 Feb 23 19:13 user

–ó–∞–¥–∞–Ω–∏–µ 6.
ksenox@pupup:/home$ od hl.txt 
0000000 062510 066154 020157 067567 066162 020544 000012
0000015
ksenox@pupup:/home$ od original_file.txt 
0000000 062510 066154 020157 067567 066162 020544 000012
0000015
ksenox@pupup:/home$ hexdump original_file.txt 
0000000 6548 6c6c 206f 6f77 6c72 2164 000a     
000000d
ksenox@pupup:/home$ hexdump hl.txt 
0000000 6548 6c6c 206f 6f77 6c72 2164 000a     
000000d
ksenox@pupup:/home$ cd ksenox/
ksenox@pupup:~$ od original_file.txt 
0000000 062510 066154 020157 067567 066162 020544 000012
0000015
ksenox@pupup:~$ hexdump original_file.txt 
0000000 6548 6c6c 206f 6f77 6c72 2164 000a     
000000d
–ü–æ–ª—É—á–∞–µ–º, —á—Ç–æ —É —Ñ–∞–π–ª–∞, –µ–≥–æ –∂–µ—Å—Ç–∫–æ–π –∏ —Å–∏–º–≤–æ–ª—å–Ω–æ–π —Å—Å—ã–ª–∫–∏ —Å–æ–¥–µ—Ä–∂–∏–º–æ–µ –∑–∞–≥–æ–ª–æ–≤–∫–∞ —Ñ–∞–π–ª–∞ —Å–æ–≤–ø–∞–¥–∞–µ—Ç. –°–¥–µ–ª–∞–µ–º —Ç–∞–∫, —á—Ç–æ–±—ã –≤—ã–≤–µ–ª—Å—è –∫–∞–∂–¥—ã–π –±–∞–π—Ç –æ—Ç–¥–µ–ª—å–Ω–æ (–∑–Ω–∞—á–µ–Ω–∏—è –ø–æ —Ç–∞–±–ª–∏—Ü–µ ASCII):
ksenox@pupup:~$ od -t o1 original_file.txt 
0000000 110 145 154 154 157 040 167 157 162 154 144 041 012
0000015
ksenox@pupup:~$ od -c original_file.txt 
0000000   H   e   l   l   o       w   o   r   l   d   !  \n
0000015
ksenox@pupup:~$ od -c testdir
od: testdir: –≠—Ç–æ –∫–∞—Ç–∞–ª–æ–≥
0000000

–ó–∞–¥–∞–Ω–∏–µ 7.
ksenox@pupup:~$ mkdir testdir

–ú–æ–∂–µ–º –æ–ø—Ä–µ–¥–µ–ª–∏—Ç—å —Ä–∞–∑–º–µ—Ä –º–µ—Ç–∞–¥–∞–Ω–Ω—ã—Ö –∫–∞—Ç–∞–ª–æ–≥–∞ —Å –ø–æ–º–æ—à—å—é —É—Ç–∏–ª–∏—Ç—ã ls -l (5 —Å—Ç–æ–ª–±–∏–∫ –ø–æ–∫–∞–∑—ã–≤–∞–µ—Ç —Ä–∞–∑–º–µ—Ä –§–°):
ksenox@pupup:~$ ls -l | grep "test_dir"
drwxrwxr-x 2 ksenox ksenox  4096 Feb 24 20:24 test_dir
–¢–∞–∫–∂–µ —Ä–∞–∑–º–µ—Ä –§–° –º–æ–∂–Ω–æ –ø–æ—Å–º–æ—Ç—Ä–µ—Ç—å —Å –ø–æ–º–æ—â—å—é —É—Ç–∏–ª–∏—Ç—ã stat:
ksenox@pupup:~$ stat test_dir
  –§–∞–π–ª: test_dir
  –†–∞–∑–º–µ—Ä: 4096      	–ë–ª–æ–∫–æ–≤: 8          –ë–ª–æ–∫ –í/–í: 4096   –∫–∞—Ç–∞–ª–æ–≥
–£—Å—Ç—Ä–æ–π—Å—Ç–≤–æ: 8/2	–ò–Ω–æ–¥–∞: 2496200     –°—Å—ã–ª–∫–∏: 2
–î–æ—Å—Ç—É–ø: (0775/drwxrwxr-x)  Uid: ( 1000/  ksenox)   Gid: ( 1000/  ksenox)
–î–æ—Å—Ç—É–ø:        2025-02-24 20:24:35.550856714 +0000
–ú–æ–¥–∏—Ñ–∏—Ü–∏—Ä–æ–≤–∞–Ω: 2025-02-24 20:24:04.260878110 +0000
–ò–∑–º–µ–Ω—ë–Ω:       2025-02-24 20:24:04.260878110 +0000
–°–æ–∑–¥–∞–Ω:        2025-02-24 20:24:04.260878110 +0000

–ò–∑–Ω–∞—á–∞–ª—å–Ω–æ –¥–ª—è –ø—É—Å—Ç–æ–≥–æ –∫–∞—Ç–∞–ª–æ–≥–∞ –∑–∞–¥–∞–µ—Ç—Å—è 4096 –±–∞–π—Ç (–æ–¥–∏–Ω –±–ª–æ–∫). –≠—Ç–æ –ø–æ—Ç–æ–º—É, —á—Ç–æ –§–° —Ä–µ–∑–µ—Ä–≤–∏—Ä—É–µ—Ç –±–ª–æ–∫ –¥–ª—è —Ö—Ä–∞–Ω–µ–Ω–∏—è —Å—Ç—Ä—É–∫—Ç—É—Ä—ã –∫–∞—Ç–∞–ª–æ–≥–∞.
–û–≥—Ä–∞–Ω–∏—á–µ–Ω–∏–µ —Ä–∞–∑–º–µ—Ä–∞ –∑–∞–¥–∞–µ—Ç—Å—è –Ω–∞ —É—Ä–æ–≤–Ω–µ –§–° –∏ –º–æ–≥—É—Ç –±—ã—Ç—å –∏–∑–º–µ–Ω–µ–Ω—ã –ø—Ä–∏ —Å–æ–∑–¥–∞–Ω–∏–∏ –∏–ª–∏ –∏–∑–º–µ–Ω–µ–Ω–∏–∏ –ø–∞—Ä–∞–º–µ—Ç—Ä–æ–≤. –ù–∞–ø–∏—à–µ–º –¥–ª—è —ç—Ç–æ–≥–æ —Å–∫—Ä–∏–ø—Ç:
ksenox@pupup:~$ vim experiment_directory.sh
ksenox@pupup:~$ sudo chmod +x experiment_directory.sh
ksenox@pupup:~$ cat experiment_directory.sh 
#!/bin/bash

mkdir -p experiment_testdir
stat experiment_testdir | head -n 3
for i in {1..1000}; do
	touch experiment_testdir/file$i
done
echo "–í experiment_testdir –¥–æ–±–∞–≤–ª–µ–Ω–æ 1000 —Ñ–∞–π–ª–æ–≤"
stat experiment_testdir | head -n 3
rm -f experiment_testdir/file*
echo "–ò–∑ experiment_testdir —É–¥–∞–ª–µ–Ω–æ 1000 —Ñ–∞–π–ª–æ–≤"
stat experiment_testdir | head -n 3
rm -rf experiment_testdir
ksenox@pupup:~$ ./experiment_directory.sh 
  –§–∞–π–ª: experiment_testdir
  –†–∞–∑–º–µ—Ä: 4096      	–ë–ª–æ–∫–æ–≤: 8          –ë–ª–æ–∫ –í/–í: 4096   –∫–∞—Ç–∞–ª–æ–≥
–£—Å—Ç—Ä–æ–π—Å—Ç–≤–æ: 8/2	–ò–Ω–æ–¥–∞: 2496248     –°—Å—ã–ª–∫–∏: 2
–í experiment_testdir –¥–æ–±–∞–≤–ª–µ–Ω–æ 1000 —Ñ–∞–π–ª–æ–≤
  –§–∞–π–ª: experiment_testdir
  –†–∞–∑–º–µ—Ä: 28672     	–ë–ª–æ–∫–æ–≤: 64         –ë–ª–æ–∫ –í/–í: 4096   –∫–∞—Ç–∞–ª–æ–≥
–£—Å—Ç—Ä–æ–π—Å—Ç–≤–æ: 8/2	–ò–Ω–æ–¥–∞: 2496248     –°—Å—ã–ª–∫–∏: 2
–ò–∑ experiment_testdir —É–¥–∞–ª–µ–Ω–æ 1000 —Ñ–∞–π–ª–æ–≤
  –§–∞–π–ª: experiment_testdir
  –†–∞–∑–º–µ—Ä: 28672     	–ë–ª–æ–∫–æ–≤: 64         –ë–ª–æ–∫ –í/–í: 4096   –∫–∞—Ç–∞–ª–æ–≥
–£—Å—Ç—Ä–æ–π—Å—Ç–≤–æ: 8/2	–ò–Ω–æ–¥–∞: 2496248     –°—Å—ã–ª–∫–∏: 2
–í–∏–¥–∏–º, —á—Ç–æ –ø–æ—Å–ª–µ –¥–æ–±–∞–≤–ª–µ–Ω–∏—è —Ñ–∞–π–ª–æ–≤ –≤ –∫–∞—Ç–∞–ª–æ–≥ —Ä–∞–∑–º–µ—Ä –∏–∑–º–µ–Ω—è–µ—Ç—Å—è, –∞ –ø–æ—Å–ª–µ —É–¥–∞–ª–µ–Ω–∏—è –Ω–µ –º–µ–Ω—è–µ—Ç—Å—è.

–ó–∞–¥–∞–Ω–∏–µ 8.
ksenox@pupup:/etc$ ls -l | grep "passwd"
-rw-r--r--  1 root                 root                  2864 Feb 17 21:38 passwd
-rw-r--r--  1 root                 root                  2815 Aug 27 15:41 passwd-
ksenox@pupup:/etc$ cat passwd | head -n 10
root:x:0:0:root:/root:/bin/bash
daemon:x:1:1:daemon:/usr/sbin:/usr/sbin/nologin
bin:x:2:2:bin:/bin:/usr/sbin/nologin
sys:x:3:3:sys:/dev:/usr/sbin/nologin
sync:x:4:65534:sync:/bin:/bin/sync
games:x:5:60:games:/usr/games:/usr/sbin/nologin
man:x:6:12:man:/var/cache/man:/usr/sbin/nologin
lp:x:7:7:lp:/var/spool/lpd:/usr/sbin/nologin
mail:x:8:8:mail:/var/mail:/usr/sbin/nologin
news:x:9:9:news:/var/spool/news:/usr/sbin/nologin

–í–∏–¥–∏–º, —á—Ç–æ —Ç–æ–ª—å–∫–æ –≤–ª–∞–¥–µ–ª–µ—Ü –º–æ–∂–µ—Ç —Ä–µ–¥–∞–∫—Ç–∏—Ä–æ–≤–∞—Ç—å –µ–≥–æ, –Ω–æ —á–∏—Ç–∞—Ç—å –º–æ–∂–Ω–æ –≤—Å–µ–º (–≥—Ä—É–ø–ø–∞ –∏ –æ—Å—Ç–∞–ª—å–Ω—ã–µ –ø–æ–ª—å–∑–æ–≤–∞—Ç–µ–ª–∏). –§–∞–π–ª —Å–æ–¥–µ—Ä–∂–∏—Ç –∏–Ω—Ñ–æ—Ä–º–∞—Ü–∏—é –æ –ø–æ–ª—å–∑–æ–≤–∞—Ç–µ–ª—è—Ö —Å–∏—Å—Ç–µ–º—ã, –≥–¥–µ –∫–∞–∂–¥–∞—è —Å—Ç—Ä–æ–∫–∞ —Å–æ–æ—Ç–≤–µ—Ç—Å—Ç–≤—É–µ—Ç –æ–¥–Ω–æ–º—É –ø–æ–ª—å–∑–æ–≤–∞—Ç–µ–ª—é –∏ –∏–º–µ–µ—Ç —Å–ª–µ–¥—É—é—â–∏–π —Ñ–æ—Ä–º–∞—Ç:
username:x:UID:GID:gecos:homedir:shell, –≥–¥–µ
username: –ò–º—è –ø–æ–ª—å–∑–æ–≤–∞—Ç–µ–ª—è
x: –ü–∞—Ä–æ–ª—å (–æ–±—ã—á–Ω–æ –∑–∞–º–µ–Ω—ë–Ω –Ω–∞ x)
UID: –ò–¥–µ–Ω—Ç–∏—Ñ–∏–∫–∞—Ç–æ—Ä –ø–æ–ª—å–∑–æ–≤–∞—Ç–µ–ª—è
GID: –ò–¥–µ–Ω—Ç–∏—Ñ–∏–∫–∞—Ç–æ—Ä –≥—Ä—É–ø–ø—ã –ø–æ–ª—å–∑–æ–≤–∞—Ç–µ–ª—è
gecos: –î–æ–ø–æ–ª–Ω–∏—Ç–µ–ª—å–Ω–∞—è –∏–Ω—Ñ–æ—Ä–º–∞—Ü–∏—è –æ –ø–æ–ª—å–∑–æ–≤–∞—Ç–µ–ª–µ 
homedir: –î–æ–º–∞—à–Ω–∏–π –∫–∞—Ç–∞–ª–æ–≥ –ø–æ–ª—å–∑–æ–≤–∞—Ç–µ–ª—è
shell: –ö–æ–º–∞–Ω–¥–Ω–∞—è –æ–±–æ–ª–æ—á–∫–∞ –ø–æ–ª—å–∑–æ–≤–∞—Ç–µ–ª—è

ksenox@pupup:/etc$ ls -l | grep "shadow"
-rw-r-----  1 root                 shadow                 937 Feb 17 21:38 gshadow
-rw-r-----  1 root                 shadow                 883 Feb 17 21:38 gshadow-
-rw-r-----  1 root                 shadow                1339 Feb 17 21:38 shadow
-rw-r-----  1 root                 shadow                1206 Aug 27 15:41 shadow-
ksenox@pupup:/etc$ sudo cat shadow | head -n 5
root:*:19962:0:99999:7:::
daemon:*:19962:0:99999:7:::
bin:*:19962:0:99999:7:::
sys:*:19962:0:99999:7:::
sync:*:19962:0:99999:7:::

–î–∞–Ω–Ω—ã–π —Ñ–∞–π–ª –º–æ–∂–µ—Ç —Ä–µ–¥–∞–∫—Ç–∏—Ä–æ–≤–∞—Ç—å –∏ —á–∏—Ç–∞—Ç—å —Ç–æ–ª—å–∫–æ –≤–ª–∞–¥–µ–ª–µ—Ü, –∞ —á–∏—Ç–∞—Ç—å –º–æ–∂–µ—Ç —Ç–æ–ª—å–∫–æ –≥—Ä—É–ø–ø–∞, –æ—Å—Ç–∞–ª—å–Ω—ã–µ –ø–æ–ª—å–∑–æ–≤–∞—Ç–µ–ª–∏ –Ω–µ –∏–º–µ—é—Ç –∫ –Ω–µ–º—É –¥–æ—Å—Ç—É–ø. –§–∞–π–ª —Å–æ–¥–µ—Ä–∂–∏—Ç –∑–∞—à–∏—Ñ—Ä–æ–≤–∞–Ω–Ω—ã–µ –ø–∞—Ä–æ–ª–∏ –ø–æ–ª—å–∑–æ–≤–∞—Ç–µ–ª–µ–π –∏ –∏–Ω—Ñ–æ—Ä–º–∞—Ü–∏—é –æ —Å—Ä–æ–∫–µ –¥–µ–π—Å—Ç–≤–∏—è –ø–∞—Ä–æ–ª–µ–π. –ö–∞–∂–¥–∞—è —Å—Ç—Ä–æ–∫–∞ –∏–º–µ–µ—Ç —Å–ª–µ–¥—É—é—â–∏–π —Ñ–æ—Ä–º–∞—Ç:
username:password:lastchg:min:max:warn:inactive:expire:reserved, –≥–¥–µ
username: –ò–º—è –ø–æ–ª—å–∑–æ–≤–∞—Ç–µ–ª—è
password: –ó–∞—à–∏—Ñ—Ä–æ–≤–∞–Ω–Ω—ã–π –ø–∞—Ä–æ–ª—å (* –µ—Å–ª–∏ –≤—Ö–æ–¥ –∑–∞–ø—Ä–µ—â—ë–Ω)
lastchg: –î–∞—Ç–∞ –ø–æ—Å–ª–µ–¥–Ω–µ–≥–æ –∏–∑–º–µ–Ω–µ–Ω–∏—è –ø–∞—Ä–æ–ª—è
min: –ú–∏–Ω–∏–º–∞–ª—å–Ω–æ–µ –∫–æ–ª–∏—á–µ—Å—Ç–≤–æ –¥–Ω–µ–π –º–µ–∂–¥—É –∏–∑–º–µ–Ω–µ–Ω–∏—è–º–∏ –ø–∞—Ä–æ–ª—è
max: –ú–∞–∫—Å–∏–º–∞–ª—å–Ω–æ–µ –∫–æ–ª–∏—á–µ—Å—Ç–≤–æ –¥–Ω–µ–π, —á–µ—Ä–µ–∑ –∫–æ—Ç–æ—Ä–æ–µ –ø–∞—Ä–æ–ª—å –Ω—É–∂–Ω–æ –∏–∑–º–µ–Ω–∏—Ç—å
warn: –ö–æ–ª–∏—á–µ—Å—Ç–≤–æ –¥–Ω–µ–π –¥–æ –∏—Å—Ç–µ—á–µ–Ω–∏—è —Å—Ä–æ–∫–∞ –¥–µ–π—Å—Ç–≤–∏—è –ø–∞—Ä–æ–ª—è, –∫–æ–≥–¥–∞ –ø–æ–ª—å–∑–æ–≤–∞—Ç–µ–ª—é –Ω–∞—á–Ω—É—Ç –ø–æ–∫–∞–∑—ã–≤–∞—Ç—å –ø—Ä–µ–¥—É–ø—Ä–µ–∂–¥–µ–Ω–∏—è
inactive: –ö–æ–ª–∏—á–µ—Å—Ç–≤–æ –¥–Ω–µ–π –Ω–µ–∞–∫—Ç–∏–≤–Ω–æ—Å—Ç–∏ –ø–æ—Å–ª–µ –∏—Å—Ç–µ—á–µ–Ω–∏—è —Å—Ä–æ–∫–∞ –¥–µ–π—Å—Ç–≤–∏—è –ø–∞—Ä–æ–ª—è, –ø–æ—Å–ª–µ —á–µ–≥–æ —É—á—ë—Ç–Ω–∞—è –∑–∞–ø–∏—Å—å –±–ª–æ–∫–∏—Ä—É–µ—Ç—Å—è
expire: –î–∞—Ç–∞ –∏—Å—Ç–µ—á–µ–Ω–∏—è —Å—Ä–æ–∫–∞ –¥–µ–π—Å—Ç–≤–∏—è —É—á—ë—Ç–Ω–æ–π –∑–∞–ø–∏—Å–∏
reserved: –ó–∞—Ä–µ–∑–µ—Ä–≤–∏—Ä–æ–≤–∞–Ω–æ –¥–ª—è –±—É–¥—É—â–µ–≥–æ –∏—Å–ø–æ–ª—å–∑–æ–≤–∞–Ω–∏—è

ksenox@pupup:/usr/bin$ ls -l | grep "passwd"
-rwsr-xr-x 1 root root       76248 Apr  9  2024 gpasswd
-rwxr-xr-x 1 root root      113992 Sep 11 13:15 grub-mkpasswd-pbkdf2
-rwxr-xr-x 1 root root       68048 Apr  3  2024 ldappasswd
-rwsr-xr-x 1 root root       64152 Apr  9  2024 passwd
senox@pupup:/usr/bin$ cat passwd | head -n 1
@@@@  0 0@@@ j j          (       08880hhhDDS td8880P tdL L L   Q tdR td     /lib64/ld-linux-x86-64.so.2 GNU   GNUl  –≤F  V       GNU    e m     F       H K, b  3  {\ B 2W h
             UJ m  A 	$!  	 U   c  h u      j[" p   .z:  9)xT      c ) {/    gO o ,  
          B      tX"_ITM_deregisterTMCloneTable__gmon_start___ITM_registerTMCloneTable__libc_start_main__cxa_finalize__cxa_atexitstderrdcgettext__fprintf_chkfputsfputcstdoutgetspnamgmtimestrftime__printf_chk__stack_chk_failfreestrcmp__errno_locationmallocsetlocalestrdup__syslog_chk__vasprintf_chkaudit_log_user_avc_messageaudit_opencallocstrlen__explicit_bzero_chkreallocgetpwnam_rsgetspentgetpid__snprintf_chkwriteunlinkfdatasyncread__isoc23_strtollkillstrncmpgeteuidsleepulckpwdfmemcpyfopenfgets__ctype_b_locstrspnstrcspnferrorfclosestrpbrkputpwentputspentfdopenfilenofcntlfeofstrrchrumaskfchownfchmodfstatfseekgetcfflushfsyncutimelstatrenamegetgrnamrealpath__assert_failperrorforkwaitpidexecve__memcpy_chk__environstrchrbindtextdomaingetgidsetregidgetuidsetreuidchdirchrootopenloggetopt_longoptarg__isoc23_strtolgetlogingetpwuid_roptindsetpwentgetpwentendpwentsetrlimitsignalsetuidstrcasecmpcloselogpam_startpam_strerrorpam_chauthtokpam_endmisc_convselabel_closeselabel_openis_selinux_enabledsecurity_getenforceselabel_lookup_rawfreeconselinux_set_callbacksetfscreatecon_rawselinux_check_accessgetprevcon_rawlibpam.so.0libpam_misc.so.0libaudit.so.1libselinux.so.1libc.so.6LIBPAM_MISC_1.0LIBSELINUX_1.0LIBPAM_1.0GLIBC_2.25GLIBC_2.8GLIBC_2.14GLIBC_2.3GLIBC_2.33GLIBC_2.38GLIBC_2.4GLIBC_2.34GLIBC_2.3.4GLIBC_2.2.5

–í–ª–∞–¥–µ–ª–µ—Ü –º–æ–∂–µ—Ç —á–∏—Ç–∞—Ç—å, —Ä–µ–¥–∞–∫—Ç–∏—Ä–æ–≤–∞—Ç—å –∏ –≤—ã–ø–æ–ª–Ω—è—Ç—å —Ñ–∞–π–ª (—É—Å—Ç–∞–Ω–æ–≤–ª–µ–Ω –±–∏—Ç s - —ç—Ç–æ –ø–æ–∑–≤–æ–ª—è–µ—Ç –ø–æ–ª—å–∑–æ–≤–∞—Ç–µ–ª—è–º –≤—ã–ø–æ–ª–Ω—è—Ç—å —É—Ç–∏–ª–∏—Ç—É —Å –ø—Ä–∞–≤–∞–º–∏ –≤–ª–∞–¥–µ–ª—å—Ü–∞. –ì—Ä—É–ø–ø–∞ –º–æ–∂–µ—Ç —á–∏—Ç–∞—Ç—å –∏ –≤—ã–ø–æ–ª–Ω—è—Ç—å —Ñ–∞–π–ª, –∞ –æ—Å—Ç–∞–ª—å–Ω—ã–µ —Ç–æ–ª—å–∫–æ –≤—ã–ø–æ–ª–Ω—è—Ç—å. –î–∞–Ω–Ω—ã–π —Ñ–∞–π–ª –ø–æ–∑–≤–æ–ª—è–µ—Ç –º–µ–Ω—è—Ç—å –ø–æ–ª—å–∑–æ–≤–∞—Ç–µ–ª—è–º —Å–≤–æ–∏ –ø–∞—Ä–æ–ª–∏ –∏ –ø–æ–ª—å–∑—É–µ—Ç—Å—è –∞–¥–º–∏–Ω–∏—Å—Ç—Ä–∞—Ç–æ—Ä–æ–º –¥–ª—è —É–ø—Ä–∞–≤–ª–µ–Ω–∏—è –ø–∞—Ä–æ–ª—è–º–∏ –¥—Ä—É–≥–∏—Ö –ø–æ–ª—å–∑–æ–≤–∞—Ç–µ–ª–µ–π.

–ó–∞–¥–∞–Ω–∏–µ 9. –ò—Å—Å–ª–µ–¥—É–µ–º –ø—Ä–∞–≤–∞ –≤–ª–∞–¥–µ–Ω–∏—è –∏ –¥–æ—Å—Ç—É–ø–∞, –∞ —Ç–∞–∫–∂–µ –∏—Ö —Å–æ—á–µ—Ç–∞–µ–º–æ—Å—Ç—å.
9.1. –°–æ–∑–¥–∞–¥–∏–º –æ—Ç–¥–µ–ª—å–Ω—ã–π –∫–∞—Ç–∞–ª–æ–≥ —Å —Ñ–∞–π–ª–∞–º–∏ –∏ –ø—Ä–æ—Ç–µ—Å—Ç–∏—Ä—É–µ–º —É—Ç–∏–ª–∏—Ç—ã chmod, chown:
ksenox@pupup:~$ mkdir test_dir
ksenox@pupup:~$ cd test_dir/
ksenox@pupup:~/test_dir$ touch file1 file2 file3ksenox@pupup:~/test_dir$ ls -l
–∏—Ç–æ–≥–æ 0
-rw-rw-r-- 1 ksenox ksenox 0 Feb 25 16:18 file1
-rw-rw-r-- 1 ksenox ksenox 0 Feb 25 16:18 file2
-rw-rw-r-- 1 ksenox ksenox 0 Feb 25 16:18 file3

ksenox@pupup:~/test_dir$ chmod u+x file1
ksenox@pupup:~/test_dir$ ls -l file1
-rwxrw-r-- 1 ksenox ksenox 0 Feb 25 16:18 file1
ksenox@pupup:~/test_dir$ chmod +x file1
ksenox@pupup:~/test_dir$ ls -l file1
-rwxrwxr-x 1 ksenox ksenox 0 Feb 25 16:18 file1
ksenox@pupup:~/test_dir$ chmod -r file1
ksenox@pupup:~/test_dir$ ls -l file1
--wx-wx--x 1 ksenox ksenox 0 Feb 25 16:18 file1

ksenox@pupup:~/test_dir$ chmod a+w file2
ksenox@pupup:~/test_dir$ ls -l file2
-rw-rw-rw- 1 ksenox ksenox 0 Feb 25 16:18 file2
ksenox@pupup:~/test_dir$ chmod g+x file2
ksenox@pupup:~/test_dir$ ls -l file2
-rw-rwxrw- 1 ksenox ksenox 0 Feb 25 16:18 file2
ksenox@pupup:~/test_dir$ chmod o-r file2

ksenox@pupup:~/test_dir$ chmod ugo-w file3
ksenox@pupup:~/test_dir$ ls -l file3
-r--r--r-- 1 ksenox ksenox 0 Feb 25 16:18 file3
ksenox@pupup:~/test_dir$ chmod 755 file3
ksenox@pupup:~/test_dir$ ls -l file3
-rwxr-xr-x 1 ksenox ksenox 0 Feb 25 16:18 file3

–ò–∑–º–µ–Ω—è–µ–º –≤–ª–∞–¥–µ–ª—å—Ü–∞ –¥–ª—è –§–°:
ksenox@pupup:~/test_dir$ sudo chown root file2
ksenox@pupup:~/test_dir$ ls -l file2
-rw-rwx-w- 1 root ksenox 0 Feb 25 16:18 file2

–ò–∑–º–µ–Ω—è–µ–º –≤–ª–∞–¥–µ–ª—å—Ü–∞ –∏ –≥—Ä—É–ø–ø—É –§–°:
ksenox@pupup:~/test_dir$ sudo chown bin:bin file1
ksenox@pupup:~/test_dir$ ls -l file1
--wx-wx-wx 1 bin    bin    0 Feb 25 16:18 file1

–†–µ–∫—É—Ä—Å–∏–≤–Ω–æ –∏–∑–º–µ–Ω–∏–º –≤–ª–∞–¥–µ–ª—å—Ü–∞ –∏ –≥—Ä—É–ø–ø—É –¥–ª—è –≤—Å–µ—Ö –§–° –∫–∞—Ç–∞–ª–æ–≥–∞:
ksenox@pupup:~$ sudo chown -R ksenox:root test_dir
ksenox@pupup:~$ cd test_dir/
ksenox@pupup:~/test_dir$ ls -l
–∏—Ç–æ–≥–æ 0
--wx-wx-wx 1 ksenox root 0 Feb 25 16:18 file1
-rw-rwx-w- 1 ksenox root 0 Feb 25 16:18 file2
-rwxr-xr-x 1 ksenox root 0 Feb 25 16:18 file3

9.2.–§–ª–∞–≥ SUID - —ç—Ç–æ —Ñ–ª–∞–≥ –ø—Ä–∞–≤ –¥–æ—Å—Ç—É–ø–∞, –∫–æ—Ç–æ—Ä—ã–π –ø–æ–∑–≤–æ–ª—è–µ—Ç –≤—ã–ø–æ–ª–Ω—è—Ç—å –ø–æ–ª—å–∑–æ–≤–∞—Ç–µ–ª—é —Ñ–∞–π–ª —Å –ø—Ä–∞–≤–∞–º–∏ –≤–ª–∞–¥–µ–ª—å—Ü–∞ —Ñ–∞–π–ª–∞, –∞ –Ω–µ —Å –ø—Ä–∞–≤–∞–º–∏ –ø–æ–ª—å–∑–æ–≤–∞—Ç–µ–ª—è, –∫–æ—Ç–æ—Ä—ã–π –µ–≥–æ –∑–∞–ø—É—Å—Ç–∏–ª.
ksenox@pupup:~/test_dir$ echo '#!/bin/bash' > test_s.sh
ksenox@pupup:~/test_dir$ echo 'echo "Hello world!"' >> test_s.sh 
ksenox@pupup:~/test_dir$ cat test_s.sh 
#!/bin/bash
echo "Hello world!"
ksenox@pupup:~/test_dir$ sudo chmod +x test_s.sh 
ksenox@pupup:~/test_dir$ sudo chown root:ksenox test_s.sh
ksenox@pupup:~/test_dir$ ls -l test_s.sh 
-rwxrwxr-x 1 root ksenox 32 Feb 25 16:56 test_s.sh
ksenox@pupup:~/test_dir$ sudo chmod u+s test_s.sh 
ksenox@pupup:~/test_dir$ ls -l test_s.sh 
-rwsrwxr-x 1 root ksenox 32 Feb 25 16:56 test_s.sh
ksenox@pupup:~/test_dir$ ./test_s.sh 
Hello world!

9.3.
–í–æ–∑—å–º–µ–º —Å–ª—É—á–∞–π, –≥–¥–µ –≤–ª–∞–¥–µ–ª–µ—Ü —Ñ–∞–π–ª–∞ - root, –≥—Ä—É–ø–ø–∞ - ksenox
–†–∞—Å—Å–º–æ—Ç—Ä–∏–º —Å–∏—Ç—É–∞—Ü–∏—é, —á—Ç–æ –ø—Ä–∞–≤–∞ –µ—Å—Ç—å —É –≥—Ä—É–ø–ø—ã, –Ω–æ –Ω–µ—Ç —É –≤–ª–∞–¥–µ–ª—å—Ü–∞.
ksenox@pupup:~/test_dir$ sudo chmod g+rwx test_s.sh 
ksenox@pupup:~/test_dir$ ls -l test_s.sh 
----rwx--- 1 root ksenox 32 Feb 25 16:56 test_s.sh
ksenox@pupup:~/test_dir$ ./test_s.sh 
Hello world!

–†–∞—Å—Å–º–æ—Ç—Ä–∏–º —Å–∏—Ç—É–∞—Ü–∏—é, —á—Ç–æ –ø—Ä–∞–≤–∞ –µ—Å—Ç—å —É –≤–ª–∞–¥–µ–ª—å—Ü–∞, –Ω–æ –Ω–µ—Ç —É –≥—Ä—É–ø–ø—ã:
ksenox@pupup:~/test_dir$ sudo chmod g-rwx test_s.sh 
ksenox@pupup:~/test_dir$ sudo chmod u+rwx test_s.sh
ksenox@pupup:~/test_dir$ ls -l test_s.sh 
-rwx------ 1 root ksenox 32 Feb 25 16:56 test_s.sh
ksenox@pupup:~/test_dir$ ./test_s.sh
bash: ./test_s.sh: –û—Ç–∫–∞–∑–∞–Ω–æ –≤ –¥–æ—Å—Ç—É–ø–µ

–û–±—Ä–∞—Ç–Ω–∞—è —Å–∏—Ç—É–∞—Ü–∏—è - –≤–ª–∞–¥–µ–ª–µ—Ü —Ñ–∞–π–ª–∞ - ksenox, –≥—Ä—É–ø–ø–∞  - root:
ksenox@pupup:~/test_dir$ sudo chown ksenox:root test_s.sh 
ksenox@pupup:~/test_dir$ ls -l test_s.sh 
-rwx------ 1 ksenox root 32 Feb 25 16:56 test_s.sh
ksenox@pupup:~/test_dir$ ./test_s.sh 
Hello world!
ksenox@pupup:~/test_dir$ chmod u-wrx test_s.sh
ksenox@pupup:~/test_dir$ chmod g+wrx test_s.sh
ksenox@pupup:~/test_dir$ ls -l test_s.sh
----rwx--- 1 ksenox root 32 Feb 25 16:56 test_s.sh
ksenox@pupup:~/test_dir$ ./test_s.sh
bash: ./test_s.sh: –û—Ç–∫–∞–∑–∞–Ω–æ –≤ –¥–æ—Å—Ç—É–ø–µ

–ü–æ–ª—É—á–∞–µ—Ç—Å—è, —á—Ç–æ –µ—Å–ª–∏ –ø–æ–ª—å–∑–æ–≤–∞—Ç–µ–ª—å —è–≤–ª—è–µ—Ç—Å—è –≤–ª–∞–¥–µ–ª—å—Ü–µ–º —Ñ–∞–π–ª–∞, —Ç–æ –ø—Ä–∏–º–µ–Ω—è—é—Ç—Å—è –ø—Ä–∞–≤–∞ –≤–ª–∞–¥–µ–ª—å—Ü–∞. –ï—Å–ª–∏ –ø–æ–ª—å–∑–æ–≤–∞—Ç–µ–ª—å –≤—Ö–æ–¥–∏—Ç –≤ –≥—Ä—É–ø–ø—É —Ñ–∞–π–ª–∞, —Ç–æ –ø—Ä–∏–º–µ–Ω—è—é—Ç—Å—è –ø—Ä–∞–≤–∞ –≥—Ä—É–ø–ø—ã. –ò–Ω–∞—á–µ –ø—Ä–∏–º–µ–Ω—è—é—Ç—Å—è –ø—Ä–∞–≤–∞ –¥–ª—è –æ—Å—Ç–∞–ª—å–Ω—ã—Ö –ø–æ–ª—å–∑–æ–≤–∞—Ç–µ–ª–µ–π.

9.4. –ü—Ä–æ–≤–µ–¥–µ–º —ç–∫—Å–ø–µ—Ä–∏–º–µ–Ω—Ç—ã —Å –ø—Ä–∞–≤–∞–º–∏ –¥–æ—Å—Ç—É–ø–∞ –∫ –∫–∞—Ç–∞–ª–æ–≥—É:
ksenox@pupup:~$ chmod 000 test_dir
ksenox@pupup:~$ ls -l | grep test_dir
d--------- 2 ksenox root    4096 Feb 25 16:56 test_dir
ksenox@pupup:~$ cd test_dir/
bash: cd: test_dir/: –û—Ç–∫–∞–∑–∞–Ω–æ –≤ –¥–æ—Å—Ç—É–ø–µ

ksenox@pupup:~$ chmod 444 test_dir
ksenox@pupup:~$ ls -l | grep test_dir
dr--r--r-- 2 ksenox root    4096 Feb 25 16:56 test_dir
ksenox@pupup:~$ cd test_dir/
bash: cd: test_dir/: –û—Ç–∫–∞–∑–∞–Ω–æ –≤ –¥–æ—Å—Ç—É–ø–µ
ksenox@pupup:~$ ls -l test_dir
ls: –Ω–µ–≤–æ–∑–º–æ–∂–Ω–æ –ø–æ–ª—É—á–∏—Ç—å –¥–æ—Å—Ç—É–ø –∫ 'test_dir/test_s.sh': –û—Ç–∫–∞–∑–∞–Ω–æ –≤ –¥–æ—Å—Ç—É–ø–µ
ls: –Ω–µ–≤–æ–∑–º–æ–∂–Ω–æ –ø–æ–ª—É—á–∏—Ç—å –¥–æ—Å—Ç—É–ø –∫ 'test_dir/file1': –û—Ç–∫–∞–∑–∞–Ω–æ –≤ –¥–æ—Å—Ç—É–ø–µ
ls: –Ω–µ–≤–æ–∑–º–æ–∂–Ω–æ –ø–æ–ª—É—á–∏—Ç—å –¥–æ—Å—Ç—É–ø –∫ 'test_dir/file3': –û—Ç–∫–∞–∑–∞–Ω–æ –≤ –¥–æ—Å—Ç—É–ø–µ
ls: –Ω–µ–≤–æ–∑–º–æ–∂–Ω–æ –ø–æ–ª—É—á–∏—Ç—å –¥–æ—Å—Ç—É–ø –∫ 'test_dir/file2': –û—Ç–∫–∞–∑–∞–Ω–æ –≤ –¥–æ—Å—Ç—É–ø–µ
–∏—Ç–æ–≥–æ 0
-????????? ? ? ? ?            ? file1
-????????? ? ? ? ?            ? file2
-????????? ? ? ? ?            ? file3
-????????? ? ? ? ?            ? test_s.sh
–° –ø—Ä–∞–≤–∞–º–∏ —á—Ç–µ–Ω–∏—è –∫–∞—Ç–∞–ª–æ–≥–∞ –ø–æ–ª—å–∑–æ–≤–∞—Ç–µ–ª—å –º–æ–∂–µ—Ç —Ç–æ–ª—å–∫–æ –ø–æ—Å–º–æ—Ç—Ä–µ—Ç—å —Ñ–∞–π–ª—ã –≤ –Ω–µ–º.

ksenox@pupup:~$ chmod 222 test_dir
ksenox@pupup:~$ ls -l | grep test_dir
d-w--w--w- 2 ksenox root    4096 Feb 25 16:56 test_dir
ksenox@pupup:~$ cd test_dir/
bash: cd: test_dir/: –û—Ç–∫–∞–∑–∞–Ω–æ –≤ –¥–æ—Å—Ç—É–ø–µ
ksenox@pupup:~$ ls -l test_dir
ls: –Ω–µ–≤–æ–∑–º–æ–∂–Ω–æ –æ—Ç–∫—Ä—ã—Ç—å –∫–∞—Ç–∞–ª–æ–≥ 'test_dir': –û—Ç–∫–∞–∑–∞–Ω–æ –≤ –¥–æ—Å—Ç—É–ø–µ
ksenox@pupup:~$ chmod u+r test_dir
ksenox@pupup:~$ ls -l test_dir
ls: –Ω–µ–≤–æ–∑–º–æ–∂–Ω–æ –ø–æ–ª—É—á–∏—Ç—å –¥–æ—Å—Ç—É–ø –∫ 'test_dir/test_s.sh': –û—Ç–∫–∞–∑–∞–Ω–æ –≤ –¥–æ—Å—Ç—É–ø–µ
ls: –Ω–µ–≤–æ–∑–º–æ–∂–Ω–æ –ø–æ–ª—É—á–∏—Ç—å –¥–æ—Å—Ç—É–ø –∫ 'test_dir/file5': –û—Ç–∫–∞–∑–∞–Ω–æ –≤ –¥–æ—Å—Ç—É–ø–µ
ls: –Ω–µ–≤–æ–∑–º–æ–∂–Ω–æ –ø–æ–ª—É—á–∏—Ç—å –¥–æ—Å—Ç—É–ø –∫ 'test_dir/file1': –û—Ç–∫–∞–∑–∞–Ω–æ –≤ –¥–æ—Å—Ç—É–ø–µ
ls: –Ω–µ–≤–æ–∑–º–æ–∂–Ω–æ –ø–æ–ª—É—á–∏—Ç—å –¥–æ—Å—Ç—É–ø –∫ 'test_dir/file3': –û—Ç–∫–∞–∑–∞–Ω–æ –≤ –¥–æ—Å—Ç—É–ø–µ
ls: –Ω–µ–≤–æ–∑–º–æ–∂–Ω–æ –ø–æ–ª—É—á–∏—Ç—å –¥–æ—Å—Ç—É–ø –∫ 'test_dir/file2': –û—Ç–∫–∞–∑–∞–Ω–æ –≤ –¥–æ—Å—Ç—É–ø–µ
–∏—Ç–æ–≥–æ 0
-????????? ? ? ? ?            ? file1
-????????? ? ? ? ?            ? file2
-????????? ? ? ? ?            ? file3
-????????? ? ? ? ?            ? file5
-????????? ? ? ? ?            ? test_s.sh
ksenox@pupup:~$ sudo rm -i test_dir/file5
rm: —É–¥–∞–ª–∏—Ç—å –ø—É—Å—Ç–æ–π –æ–±—ã—á–Ω—ã–π —Ñ–∞–π–ª 'test_dir/file5'? y
ksenox@pupup:~$ ls -l test_dir
ls: –Ω–µ–≤–æ–∑–º–æ–∂–Ω–æ –ø–æ–ª—É—á–∏—Ç—å –¥–æ—Å—Ç—É–ø –∫ 'test_dir/test_s.sh': –û—Ç–∫–∞–∑–∞–Ω–æ –≤ –¥–æ—Å—Ç—É–ø–µ
ls: –Ω–µ–≤–æ–∑–º–æ–∂–Ω–æ –ø–æ–ª—É—á–∏—Ç—å –¥–æ—Å—Ç—É–ø –∫ 'test_dir/file1': –û—Ç–∫–∞–∑–∞–Ω–æ –≤ –¥–æ—Å—Ç—É–ø–µ
ls: –Ω–µ–≤–æ–∑–º–æ–∂–Ω–æ –ø–æ–ª—É—á–∏—Ç—å –¥–æ—Å—Ç—É–ø –∫ 'test_dir/file3': –û—Ç–∫–∞–∑–∞–Ω–æ –≤ –¥–æ—Å—Ç—É–ø–µ
ls: –Ω–µ–≤–æ–∑–º–æ–∂–Ω–æ –ø–æ–ª—É—á–∏—Ç—å –¥–æ—Å—Ç—É–ø –∫ 'test_dir/file2': –û—Ç–∫–∞–∑–∞–Ω–æ –≤ –¥–æ—Å—Ç—É–ø–µ
–∏—Ç–æ–≥–æ 0
-????????? ? ? ? ?            ? file1
-????????? ? ? ? ?            ? file2
-????????? ? ? ? ?            ? file3
-????????? ? ? ? ?            ? test_s.sh
–° –ø—Ä–∞–≤–∞–º–∏ —Ä–µ–¥–∞–∫—Ç–∏—Ä–æ–≤–∞–Ω–∏—è –∫–∞—Ç–∞–ª–æ–≥–∞ –ø–æ–ª—å–∑–æ–≤–∞—Ç–µ–ª—å –º–æ–∂–µ—Ç —Å–æ–∑–¥–∞–≤–∞—Ç—å –∏ —É–¥–∞–ª—è—Ç—å —Ñ–∞–π–ª—ã –≤ –Ω–µ–º.

ksenox@pupup:~$ chmod 111 test_dir
ksenox@pupup:~$ ls -l | grep test_dir
d--x--x--x 2 ksenox root    4096 Feb 25 18:26 test_dir
ksenox@pupup:~$ cd test_dir/
ksenox@pupup:~/test_dir$ ls -l
ls: –Ω–µ–≤–æ–∑–º–æ–∂–Ω–æ –æ—Ç–∫—Ä—ã—Ç—å –∫–∞—Ç–∞–ª–æ–≥ '.': –û—Ç–∫–∞–∑–∞–Ω–æ –≤ –¥–æ—Å—Ç—É–ø–µ
ksenox@pupup:~/test_dir$ touch file5
touch: –Ω–µ–≤–æ–∑–º–æ–∂–Ω–æ –≤—ã–ø–æ–ª–Ω–∏—Ç—å touch –¥–ª—è 'file5': –û—Ç–∫–∞–∑–∞–Ω–æ –≤ –¥–æ—Å—Ç—É–ø–µ
ksenox@pupup:~/test_dir$ rm -i file3
rm: —É–¥–∞–ª–∏—Ç—å –ø—É—Å—Ç–æ–π –æ–±—ã—á–Ω—ã–π —Ñ–∞–π–ª 'file3'? y
rm: –Ω–µ–≤–æ–∑–º–æ–∂–Ω–æ —É–¥–∞–ª–∏—Ç—å 'file3': –û—Ç–∫–∞–∑–∞–Ω–æ –≤ –¥–æ—Å—Ç—É–ø–µ
–° –ø—Ä–∞–≤–∞–º–∏ "–≤—ã–ø–æ–ª–Ω–µ–Ω–∏—è" –∫–∞—Ç–∞–ª–æ–≥–∞ –ø–æ–ª—å–∑–æ–≤–∞—Ç–µ–ª—å –º–æ–∂–µ—Ç —Ç–æ–ª—å–∫–æ –≤—Ö–æ–¥–∏—Ç—å –≤ –Ω–µ–≥–æ, –Ω–æ –∏–∑–º–µ–Ω—è—Ç—å –∏–ª–∏ —á–∏—Ç–∞—Ç—å - –Ω–µ—Ç.

–°–ª–µ–¥–æ–≤–∞—Ç–µ–ª—å–Ω–æ, –ø—Ä–∏ —Å–æ–≤–º–µ—â–µ–Ω–∏–∏ —Ä–∞–∑–ª–∏—á–Ω—ã—Ö –ø—Ä–∞–≤ –¥–æ—Å—Ç—É–ø–∞ –∫–∞—Ç–∞–ª–æ–≥–æ–≤ –±—É–¥—É—Ç –≤—ã–ø–æ–ª–Ω—è—Ç—å—Å—è —Ç–µ –∫–æ–º–∞–Ω–¥—ã, –∫–æ—Ç–æ—Ä—ã–µ —Ä–∞–∑—Ä–µ—à–µ–Ω—ã –ø—Ä–∞–≤–∞–º–∏ –¥–æ—Å—Ç—É–ø–∞. –ï—Å–ª–∏ –∂–µ —Ñ–∞–π–ª—ã –±—É–¥—É—Ç –∏–º–µ—Ç—å –æ–ø—Ä–µ–¥–µ–ª–µ–Ω–Ω—ã–µ –ø—Ä–∞–≤–∞ –¥–æ—Å—Ç—É–ø–∞, –∞ –∫–∞—Ç–∞–ª–æ–≥–∏ –Ω–µ—Ç - —Ç–æ —Å–∏—Å—Ç–µ–º–∞ –Ω–µ —Å–º–æ–∂–µ—Ç –∑–∞–π—Ç–∏ –∏ –≤—ã–ø–æ–ª–Ω–∏—Ç—å –∫–æ–º–∞–Ω–¥—É —Å —Ñ–∞–π–ª–æ–º.

–ó–∞–¥–∞–Ω–∏–µ 10.
–°–æ–∑–¥–∞–¥–∏–º –ø—Ä–æ–≥—Ä–∞–º–º—É-—à–ª—é–∑, –∫–æ—Ç–æ—Ä–∞—è —Å–º–æ–∂–µ—Ç —á–∏—Ç–∞—Ç—å –∏–Ω—Ñ–æ—Ä–º–∞—Ü–∏—é –∏–∑ —Ñ–∞–π–ª–∞:
ksenox@pupup:~$ vim accessing_another_users_file.c
ksenox@pupup:~$ gcc -o outfile accessing_another_users_file.c
ksenox@pupup:~$ cat accessing_another_users_file.c 
#include <stdio.h>
#include <stdlib.h>
#include <unistd.h>
#include <fcntl.h>

int main(int argc, char *argv[]){
	if (argc != 2){
		return 1;
	}

	FILE *file = fopen(argv[1], "r");
	if (!file){
		perror("–û—à–∏–±–∫–∞ –æ—Ç–∫—Ä—ã—Ç–∏—è —Ñ–∞–π–ª–∞");
		return 1;
	}

	char buffer[1024];
	while (fgets(buffer, sizeof(buffer), file)){
		printf("%s", buffer);
	}
	fclose(file);
	return 0;
}
ksenox@pupup:~$ ls -l outfile
-rwxrwxr-x 1 ksenox ksenox 16208 Feb 26 10:17 outfile
ksenox@pupup:~$ ls -l test_dir
–∏—Ç–æ–≥–æ 12
--wx-wx-wx 1 ksenox root    0 Feb 25 16:18 file1
-rw-rw---- 1 ksenox ksenox  7 Feb 26 09:45 file2
-rw-rw-r-- 1 tester root    7 Feb 26 11:12 file3
-rw-r--r-- 1 ksenox root   32 Feb 25 16:56 test_s.sh
ksenox@pupup:~$ sudo chmod o+rwx test_dir/file2
ksenox@pupup:~$ ./outfile test_dir/file2
pupupu
ksenox@pupup:~$ sudo adduser tester
info: –î–æ–±–∞–≤–ª—è–µ—Ç—Å—è –ø–æ–ª—å–∑–æ–≤–∞—Ç–µ–ª—å ¬´tester¬ª ...
info: –í—ã–±–æ—Ä UID/GID –∏–∑ –¥–∏–∞–ø–∞–∑–æ–Ω–∞ –æ—Ç 1000 –¥–æ 59999 ...
info: –î–æ–±–∞–≤–ª—è–µ—Ç—Å—è –Ω–æ–≤–∞—è –≥—Ä—É–ø–ø–∞ ¬´tester¬ª (1002) ...
info: –î–æ–±–∞–≤–ª–µ–Ω–∏–µ –Ω–æ–≤–æ–≥–æ –ø–æ–ª—å–∑–æ–≤–∞—Ç–µ–ª—è `tester' (1002) –≤ –≥—Ä—É–ø–ø—É `tester (1002)' ...
info: –°–æ–∑–¥–∞—ë—Ç—Å—è –¥–æ–º–∞—à–Ω–∏–π –∫–∞—Ç–∞–ª–æ–≥ ¬´/home/tester¬ª ...
info: –ö–æ–ø–∏—Ä–æ–≤–∞–Ω–∏–µ —Ñ–∞–π–ª–æ–≤ –∏–∑ ¬´/etc/skel¬ª ...
–ù–æ–≤—ã–π –ø–∞—Ä–æ–ª—å: 
–ü–æ–≤—Ç–æ—Ä–∏—Ç–µ –≤–≤–æ–¥ –Ω–æ–≤–æ–≥–æ –ø–∞—Ä–æ–ª—è: 
passwd: –ø–∞—Ä–æ–ª—å —É—Å–ø–µ—à–Ω–æ –æ–±–Ω–æ–≤–ª—ë–Ω
–ò–∑–º–µ–Ω–µ–Ω–∏–µ –∏–Ω—Ñ–æ—Ä–º–∞—Ü–∏–∏ –æ –ø–æ–ª—å–∑–æ–≤–∞—Ç–µ–ª–µ tester
–í–≤–µ–¥–∏—Ç–µ –Ω–æ–≤–æ–µ –∑–Ω–∞—á–µ–Ω–∏–µ –∏–ª–∏ –Ω–∞–∂–º–∏—Ç–µ ENTER –¥–ª—è –≤—ã–±–æ—Ä–∞ –∑–Ω–∞—á–µ–Ω–∏—è –ø–æ —É–º–æ–ª—á–∞–Ω–∏—é
	–ü–æ–ª–Ω–æ–µ –∏–º—è []: 
	–ù–æ–º–µ—Ä –∫–æ–º–Ω–∞—Ç—ã []: 
	–†–∞–±–æ—á–∏–π —Ç–µ–ª–µ—Ñ–æ–Ω []: 
	–î–æ–º–∞—à–Ω–∏–π —Ç–µ–ª–µ—Ñ–æ–Ω []: 
	–î—Ä—É–≥–æ–µ []: 
–î–∞–Ω–Ω–∞—è –∏–Ω—Ñ–æ—Ä–º–∞—Ü–∏—è –∫–æ—Ä—Ä–µ–∫—Ç–Ω–∞? [Y/n] y
info: Adding new user `tester' to supplemental / extra groups `users' ...
info: –î–æ–±–∞–≤–ª—è–µ—Ç—Å—è –ø–æ–ª—å–∑–æ–≤–∞—Ç–µ–ª—å ¬´tester¬ª –≤ –≥—Ä—É–ø–ø—É ¬´users¬ª ...
ksenox@pupup:~$ cd test_dir/
ksenox@pupup:~/test_dir$ su tester
–ü–∞—Ä–æ–ª—å: 
tester@pupup:/home/ksenox/test_dir$ echo "Hello world!" > file2_tester 
tester@pupup:/home/ksenox$ ./outfile test_dir/file2_tester 
Hello world!
tester@pupup:/home/ksenox$ ./outfile test_dir/file2
pupupu
tester@pupup:/home/ksenox$ su ksenox
–ü–∞—Ä–æ–ª—å: 
ksenox@pupup:~$ sudo chmod o-rwx test_dir/file2
ksenox@pupup:~$ ls -l test_dir
–∏—Ç–æ–≥–æ 16
--wx-wx-wx 1 ksenox root    0 Feb 25 16:18 file1
-rw-rw---- 1 ksenox ksenox  7 Feb 26 19:02 file2
-rw-rw-r-- 1 tester tester 13 Feb 26 19:02 file2_tester
-rw-rw-r-- 1 tester root    7 Feb 26 11:12 file3
-rw-r--r-- 1 ksenox root   32 Feb 25 16:56 test_s.sh
ksenox@pupup:~$ su tester
–ü–∞—Ä–æ–ª—å: 
tester@pupup:/home/ksenox$ ./outfile test_dir/file2
–û—à–∏–±–∫–∞ –æ—Ç–∫—Ä—ã—Ç–∏—è —Ñ–∞–π–ª–∞: Permission denied
tester@pupup:/home/ksenox$ su ksenox
–ü–∞—Ä–æ–ª—å: 
ksenox@pupup:~$ sudo chmod u+s outfile
ksenox@pupup:~$ ls -l outfile
-rwsrwxr-x 1 ksenox ksenox 16208 Feb 26 10:17 outfile
ksenox@pupup:~$ su tester
–ü–∞—Ä–æ–ª—å: 
tester@pupup:/home/ksenox$ ./outfile test_dir/file2
pupupu

–ó–∞–¥–∞–Ω–∏–µ 11 –∏ 11.1.
–£—Ç–∏–ª–∏—Ç–∞ df –ø–æ–∫–∞–∑—ã–≤–∞–µ—Ç –∏–Ω—Ñ–æ—Ä–º–∞—Ü–∏—é –æ —Å–º–æ–Ω—Ç–∏—Ä–æ–≤–∞–Ω–Ω—ã—Ö —Ñ–∞–π–ª–æ–≤—ã—Ö —Å–∏—Å—Ç–µ–º–∞—Ö:
ksenox@pupup:~$ df
–§–∞–π–ª.—Å–∏—Å—Ç–µ–º–∞   1K-–±–ª–æ–∫–æ–≤ –ò—Å–ø–æ–ª—å–∑–æ–≤–∞–Ω–æ –î–æ—Å—Ç—É–ø–Ω–æ –ò—Å–ø–æ–ª—å–∑–æ–≤–∞–Ω–æ% C–º–æ–Ω—Ç–∏—Ä–æ–≤–∞–Ω–æ –≤
tmpfs             856332         1512   854820            1% /run
/dev/sda2       71667832      6389448 61592140           10% /
tmpfs            4281648            0  4281648            0% /dev/shm
tmpfs               5120            8     5112            1% /run/lock
tmpfs             856328          136   856192            1% /run/user/1000
ksenox@pupup:~$ df -h -T
–§–∞–π–ª.—Å–∏—Å—Ç–µ–º–∞   –¢–∏–ø   –†–∞–∑–º–µ—Ä –ò—Å–ø–æ–ª—å–∑–æ–≤–∞–Ω–æ  –î–æ—Å—Ç –ò—Å–ø–æ–ª—å–∑–æ–≤–∞–Ω–æ% C–º–æ–Ω—Ç–∏—Ä–æ–≤–∞–Ω–æ –≤
tmpfs          tmpfs   837M         1.5M  835M            1% /run
/dev/sda2      ext4     69G         6.1G   59G           10% /
tmpfs          tmpfs   4.1G            0  4.1G            0% /dev/shm
tmpfs          tmpfs   5.0M         8.0K  5.0M            1% /run/lock
tmpfs          tmpfs   837M         132K  837M            1% /run/user/1000
–§–æ—Ä–º–∞—Ç –≤—ã–≤–æ–¥–∞ –∏–Ω—Ñ–æ—Ä–º–∞—Ü–∏–∏ –æ—á–µ–≤–∏–¥–µ–Ω, –ø–æ—Å–∫–æ–ª—å–∫—É –Ω–∞–ø–∏—Å–∞–Ω –Ω–∞ —Ä—É—Å—Å–∫–æ–º.

–ò—Å—Å–ª–µ–¥—É–µ–º —É—Ç–∏–ª–∏—Ç—É lsblk - –æ–Ω–∞ –ø–æ–∫–∞–∑—ã–≤–∞–µ—Ç –∏–Ω—Ñ–æ—Ä–º–∞—Ü–∏—é –æ –±–ª–æ—á–Ω—ã—Ö —É—Å—Ç—Ä–æ–π—Å—Ç–≤–∞—Ö, –≤–∫–ª—é—á–∞—è —Å–∏—Å—Ç–µ–º—ã:
ksenox@pupup:~$ lsblk
NAME   MAJ:MIN RM   SIZE RO TYPE MOUNTPOINTS
loop0    7:0    0  74.3M  1 loop /snap/core22/1564
loop1    7:1    0     4K  1 loop /snap/bare/5
loop2    7:2    0 269.8M  1 loop /snap/firefox/4793
loop3    7:3    0  73.9M  1 loop /snap/core22/1748
loop4    7:4    0 257.9M  1 loop /snap/firefox/5783
loop5    7:5    0  10.7M  1 loop /snap/firmware-updater/127
loop6    7:6    0  11.1M  1 loop /snap/firmware-updater/167
loop7    7:7    0  91.7M  1 loop /snap/gtk-common-themes/1535
loop8    7:8    0  10.5M  1 loop /snap/snap-store/1173
loop9    7:9    0  10.8M  1 loop /snap/snap-store/1248
loop10   7:10   0  38.8M  1 loop /snap/snapd/21759
loop11   7:11   0  44.4M  1 loop /snap/snapd/23545
loop12   7:12   0 505.1M  1 loop /snap/gnome-42-2204/176
loop13   7:13   0   500K  1 loop /snap/snapd-desktop-integration/178
loop14   7:14   0   568K  1 loop /snap/snapd-desktop-integration/253
sda      8:0    0    70G  0 disk 
‚îú‚îÄsda1   8:1    0     1M  0 part 
‚îî‚îÄsda2   8:2    0    70G  0 part /
sr0     11:0    1  1024M  0 rom  
–§–æ—Ä–º–∞—Ç –≤—ã–≤–æ–¥–∞ –∏–Ω—Ñ–æ—Ä–º–∞—Ü–∏–∏:
NAME: –∏–º—è —É—Å—Ç—Ä–æ–π—Å—Ç–≤–∞
MAJ:MIN: –æ—Å–Ω–æ–≤–Ω–æ–π –∏ –¥–æ–ø. –Ω–æ–º–µ—Ä —É—Å—Ç—Ä–æ–π—Å—Ç–≤–∞
RM: —Ñ–ª–∞–≥ —Å—ä–µ–º–Ω–æ–≥–æ —É—Å—Ç—Ä–æ–π—Å—Ç–≤–∞ (1 - —Å—ä–µ–º–Ω–æ–µ, 0 - –Ω–µ—Å—ä–µ–º–Ω–æ–µ)
SIZE: —Ä–∞–∑–º–µ—Ä —É—Å—Ç—Ä–æ–π—Å—Ç–≤–∞
RO: —Ñ–ª–∞–≥ —Ç–æ–ª—å–∫–æ –¥–ª—è —á—Ç–µ–Ω–∏—è
TYPE: —Ç–∏–ø —É—Å—Ç—Ä–æ–π—Å—Ç–≤–∞
MOUNTPOINTS: —Ç–æ—á–∫–∞ –º–æ–Ω—Ç–∏—Ä–æ–≤–∞–Ω–∏—è

–ò–∑—É—á–∏–º —É—Ç–∏–ª–∏—Ç—É findmnt - –æ–Ω–∞ –ø–æ–∫–∞–∑—ã–≤–∞–µ—Ç –∏–Ω—Ñ–æ—Ä–º–∞—Ü–∏—é –æ —Å–º–æ–Ω—Ç–∏—Ä–æ–≤–∞–Ω–Ω—ã—Ö –§–° –≤ –≤–∏–¥–µ –¥–µ—Ä–µ–≤–∞:
ksenox@pupup:~$ findmnt
TARGET SOURCE    FSTYPE   OPTIONS
/      /dev/sda2 ext4     rw,relatime
‚îú‚îÄ/sys sysfs     sysfs    rw,nosuid,nodev,noexec,relatime
‚îÇ ‚îú‚îÄ/sys/kernel/security
‚îÇ ‚îÇ    securityfs
‚îÇ ‚îÇ              security rw,nosuid,nodev,noexec,relatime
‚îÇ ‚îú‚îÄ/sys/fs/cgroup
‚îÇ ‚îÇ    cgroup2   cgroup2  rw,nosuid,nodev,noexec,relatime,nsdelegate,memory_recu
‚îÇ ‚îú‚îÄ/sys/fs/pstore
‚îÇ ‚îÇ    pstore    pstore   rw,nosuid,nodev,noexec,relatime
‚îÇ ‚îú‚îÄ/sys/fs/bpf
‚îÇ ‚îÇ    bpf       bpf      rw,nosuid,nodev,noexec,relatime,mode=700
‚îÇ ‚îú‚îÄ/sys/kernel/tracing
‚îÇ ‚îÇ    tracefs   tracefs  rw,nosuid,nodev,noexec,relatime
‚îÇ ‚îú‚îÄ/sys/kernel/debug
‚îÇ ‚îÇ    debugfs   debugfs  rw,nosuid,nodev,noexec,relatime
‚îÇ ‚îú‚îÄ/sys/fs/fuse/connections
‚îÇ ‚îÇ    fusectl   fusectl  rw,nosuid,nodev,noexec,relatime
‚îÇ ‚îî‚îÄ/sys/kernel/config
‚îÇ      configfs  configfs rw,nosuid,nodev,noexec,relatime
‚îú‚îÄ/proc
‚îÇ      proc      proc     rw,nosuid,nodev,noexec,relatime
‚îÇ ‚îî‚îÄ/proc/sys/fs/binfmt_misc
‚îÇ      systemd-1 autofs   rw,relatime,fd=32,pgrp=1,timeout=0,minproto=5,maxproto
‚îÇ   ‚îî‚îÄ/proc/sys/fs/binfmt_misc
‚îÇ      binfmt_misc
‚îÇ                binfmt_m rw,nosuid,nodev,noexec,relatime
‚îú‚îÄ/dev udev      devtmpfs rw,nosuid,relatime,size=4243968k,nr_inodes=1060992,mod
‚îÇ ‚îú‚îÄ/dev/pts
‚îÇ ‚îÇ    devpts    devpts   rw,nosuid,noexec,relatime,gid=5,mode=620,ptmxmode=000
‚îÇ ‚îú‚îÄ/dev/shm
‚îÇ ‚îÇ    tmpfs     tmpfs    rw,nosuid,nodev,inode64
‚îÇ ‚îú‚îÄ/dev/mqueue
‚îÇ ‚îÇ    mqueue    mqueue   rw,nosuid,nodev,noexec,relatime
‚îÇ ‚îî‚îÄ/dev/hugepages
‚îÇ      hugetlbfs hugetlbf rw,nosuid,nodev,relatime,pagesize=2M
‚îú‚îÄ/run tmpfs     tmpfs    rw,nosuid,nodev,noexec,relatime,size=856332k,mode=755,
‚îÇ ‚îú‚îÄ/run/lock
‚îÇ ‚îÇ    tmpfs     tmpfs    rw,nosuid,nodev,noexec,relatime,size=5120k,inode64
‚îÇ ‚îú‚îÄ/run/user/1000
‚îÇ ‚îÇ    tmpfs     tmpfs    rw,nosuid,nodev,relatime,size=856328k,nr_inodes=214082
‚îÇ ‚îÇ ‚îú‚îÄ/run/user/1000/doc
‚îÇ ‚îÇ ‚îÇ  portal    fuse.por rw,nosuid,nodev,relatime,user_id=1000,group_id=1000
‚îÇ ‚îÇ ‚îî‚îÄ/run/user/1000/gvfs
‚îÇ ‚îÇ    gvfsd-fuse
‚îÇ ‚îÇ              fuse.gvf rw,nosuid,nodev,relatime,user_id=1000,group_id=1000
‚îÇ ‚îî‚îÄ/run/snapd/ns
‚îÇ      tmpfs[/snapd/ns]
‚îÇ                tmpfs    rw,nosuid,nodev,noexec,relatime,size=856332k,mode=755,
‚îÇ   ‚îî‚îÄ/run/snapd/ns/snapd-desktop-integration.mnt
‚îÇ      nsfs[mnt:[4026532435]]
‚îÇ                nsfs     rw
‚îú‚îÄ/snap/bare/5
‚îÇ      /dev/loop1
‚îÇ                squashfs ro,nodev,relatime,errors=continue,threads=single
‚îú‚îÄ/snap/firefox/4793
‚îÇ      /dev/loop2
‚îÇ                squashfs ro,nodev,relatime,errors=continue,threads=single
‚îú‚îÄ/snap/core22/1564
‚îÇ      /dev/loop0
‚îÇ                squashfs ro,nodev,relatime,errors=continue,threads=single
‚îú‚îÄ/snap/core22/1748
‚îÇ      /dev/loop3
‚îÇ                squashfs ro,nodev,relatime,errors=continue,threads=single
‚îú‚îÄ/snap/firmware-updater/127
‚îÇ      /dev/loop5
‚îÇ                squashfs ro,nodev,relatime,errors=continue,threads=single
‚îú‚îÄ/snap/firefox/5783
‚îÇ      /dev/loop4
‚îÇ                squashfs ro,nodev,relatime,errors=continue,threads=single
‚îú‚îÄ/snap/firmware-updater/167
‚îÇ      /dev/loop6
‚îÇ                squashfs ro,nodev,relatime,errors=continue,threads=single
‚îú‚îÄ/snap/gtk-common-themes/1535
‚îÇ      /dev/loop7
‚îÇ                squashfs ro,nodev,relatime,errors=continue,threads=single
‚îú‚îÄ/snap/snap-store/1173
‚îÇ      /dev/loop8
‚îÇ                squashfs ro,nodev,relatime,errors=continue,threads=single
‚îú‚îÄ/snap/snap-store/1248
‚îÇ      /dev/loop9
‚îÇ                squashfs ro,nodev,relatime,errors=continue,threads=single
‚îú‚îÄ/snap/snapd/21759
‚îÇ      /dev/loop10
‚îÇ                squashfs ro,nodev,relatime,errors=continue,threads=single
‚îú‚îÄ/snap/snapd/23545
‚îÇ      /dev/loop11
‚îÇ                squashfs ro,nodev,relatime,errors=continue,threads=single
‚îú‚îÄ/snap/gnome-42-2204/176
‚îÇ      /dev/loop12
‚îÇ                squashfs ro,nodev,relatime,errors=continue,threads=single
‚îú‚îÄ/snap/snapd-desktop-integration/178
‚îÇ      /dev/loop13
‚îÇ                squashfs ro,nodev,relatime,errors=continue,threads=single
‚îî‚îÄ/snap/snapd-desktop-integration/253
       /dev/loop14
                 squashfs ro,nodev,relatime,errors=continue,threads=single
–§–æ—Ä–º–∞—Ç –≤—ã–≤–æ–¥–∞ –¥–∞–Ω–Ω—ã—Ö:
TARGET: –¢–æ—á–∫–∞ –º–æ–Ω—Ç–∏—Ä–æ–≤–∞–Ω–∏—è
SOURCE: –ò—Å—Ç–æ—á–Ω–∏–∫
FSTYPE: –¢–∏–ø –§–°
OPTIONS: –ü–∞—Ä–∞–º–µ—Ç—Ä—ã –º–æ–Ω—Ç–∏—Ä–æ–≤–∞–Ω–∏—è

–ò–∑—É—á–∏–º —É—Ç–∏–ª–∏—Ç—É mount - –æ–Ω–∞ –Ω—É–∂–Ω–∞ –¥–ª—è –º–æ–Ω—Ç–∏—Ä–æ–≤–∞–Ω–∏—è –§–° –∫ –¥–µ—Ä–µ–≤—É –∫–∞—Ç–∞–ª–æ–≥–æ–≤.
ksenox@pupup:~$ mount | head -n 5
sysfs on /sys type sysfs (rw,nosuid,nodev,noexec,relatime)
proc on /proc type proc (rw,nosuid,nodev,noexec,relatime)
udev on /dev type devtmpfs (rw,nosuid,relatime,size=4243968k,nr_inodes=1060992,mode=755,inode64)
devpts on /dev/pts type devpts (rw,nosuid,noexec,relatime,gid=5,mode=620,ptmxmode=000)
tmpfs on /run type tmpfs (rw,nosuid,nodev,noexec,relatime,size=856332k,mode=755,inode64)

–î–∞–Ω–Ω–∞—è –∫–æ–º–∞–Ω–¥–∞ –≤—ã–≤–µ–¥–µ—Ç —Å–ø–∏—Å–æ–∫ –≤—Å–µ—Ö –º–æ–Ω—Ç–∏—Ä–æ–≤–∞–Ω–Ω—ã—Ö —É—Å—Ç—Ä–æ–π—Å—Ç–≤:
ksenox@pupup:~$ mount | column -t | head -n 5
sysfs                                                    on  /sys                                         type  sysfs            (rw,nosuid,nodev,noexec,relatime)
proc                                                     on  /proc                                        type  proc             (rw,nosuid,nodev,noexec,relatime)
udev                                                     on  /dev                                         type  devtmpfs         (rw,nosuid,relatime,size=4243968k,nr_inodes=1060992,mode=755,inode64)
devpts                                                   on  /dev/pts                                     type  devpts           (rw,nosuid,noexec,relatime,gid=5,mode=620,ptmxmode=000)
tmpfs                                                    on  /run                                         type  tmpfs            (rw,nosuid,nodev,noexec,relatime,size=856332k,mode=755,inode64)

–ò–∑—É—á–∏–º —É—Ç–∏–ª–∏—Ç—É blkid - –æ–Ω–∞ –ø–æ–∫–∞–∑—ã–≤–∞–µ—Ç –∏–Ω—Ñ–æ—Ä–º–∞—Ü–∏—é –æ –≤—Å–µ—Ö –±–ª–æ—á–Ω—ã—Ö —É—Å—Ç—Ä–æ–π—Å—Ç–≤–∞—Ö (–≤–∫–ª—é—á–∞—è –Ω–µ —Å–º–æ–Ω—Ç–∏—Ä–æ–≤–∞–Ω–Ω—ã–µ):
ksenox@pupup:~$ sudo blkid
[sudo] –ø–∞—Ä–æ–ª—å –¥–ª—è ksenox: 
/dev/sda2: UUID="de85d574-53f7-4f00-80c9-44c57672bdc4" BLOCK_SIZE="4096" TYPE="ext4" PARTUUID="35dec814-056c-4eff-be39-9fb6c3c3ed7e"
/dev/loop1: BLOCK_SIZE="131072" TYPE="squashfs"
/dev/loop8: BLOCK_SIZE="131072" TYPE="squashfs"
/dev/loop6: BLOCK_SIZE="131072" TYPE="squashfs"
/dev/loop13: BLOCK_SIZE="131072" TYPE="squashfs"
/dev/loop4: BLOCK_SIZE="131072" TYPE="squashfs"
/dev/loop11: BLOCK_SIZE="131072" TYPE="squashfs"
/dev/loop2: BLOCK_SIZE="131072" TYPE="squashfs"
/dev/loop0: BLOCK_SIZE="131072" TYPE="squashfs"
/dev/loop9: BLOCK_SIZE="131072" TYPE="squashfs"
/dev/loop7: BLOCK_SIZE="131072" TYPE="squashfs"
/dev/sda1: PARTUUID="1a6b5ae6-9eaf-481d-9af9-e0a1ecb2b12f"
/dev/loop14: BLOCK_SIZE="131072" TYPE="squashfs"
/dev/loop5: BLOCK_SIZE="131072" TYPE="squashfs"
/dev/loop12: BLOCK_SIZE="131072" TYPE="squashfs"
/dev/loop3: BLOCK_SIZE="131072" TYPE="squashfs"
/dev/loop10: BLOCK_SIZE="131072" TYPE="squashfs"
–§–æ—Ä–º–∞—Ç –≤—ã–≤–æ–¥–∞ –∏–Ω—Ñ–æ—Ä–º–∞—Ü–∏–∏:
UUID: —É–Ω–∏–∫–∞–ª—å–Ω—ã–π –∏–¥–µ–Ω—Ç–∏—Ñ–∏–∫–∞—Ç–æ—Ä –§–°
TYPE: —Ç–∏–ø –§–°

–ü–æ—Å–º–æ—Ç—Ä–∏–º, —á—Ç–æ —Å–æ–¥–µ—Ä–∂–∏—Ç—Å—è –≤ —Ñ–∞–π–ª–µ fstab:
ksenox@pupup:~$ cat /etc/fstab
# /etc/fstab: static file system information.
#
# Use 'blkid' to print the universally unique identifier for a
# device; this may be used with UUID= as a more robust way to name devices
# that works even if disks are added and removed. See fstab(5).
#
# <file system> <mount point>   <type>  <options>       <dump>  <pass>
# / was on /dev/sda2 during curtin installation
/dev/disk/by-uuid/de85d574-53f7-4f00-80c9-44c57672bdc4 / ext4 defaults 0 1
–í –¥–∞–Ω–Ω–æ–º —Ñ–∞–π–ª–µ –Ω–∞—Ö–æ–¥–∏—Ç—Å—è –∏–Ω—Ñ–æ—Ä–º–∞—Ü–∏—è –æ –§–°, –∫–æ—Ç–æ—Ä—ã–µ –º–æ–≥—É—Ç –±—ã—Ç—å —Å–º–æ–Ω—Ç–∏—Ä–æ–≤–∞–Ω—ã –∞–≤—Ç–æ–º–∞—Ç–∏—á–µ—Å–∫–∏ –ø—Ä–∏ –∑–∞–≥—Ä—É–∑–∫–µ —Å–∏—Å—Ç–µ–º—ã.
–§–æ—Ä–º–∞—Ç –≤—ã–≤–æ–¥–∞ –∏–Ω—Ñ–æ—Ä–º–∞—Ü–∏–∏:
file system: —É—Å—Ç—Ä–æ–π—Å—Ç–≤–æ –∏–ª–∏ UUID
mount point: —Ç–æ—á–∫–∞ –º–æ–Ω—Ç–∏—Ä–æ–≤–∞–Ω–∏—è
type: —Ç–∏–ø –§–°
options: –æ–ø—Ü–∏–∏ –º–æ–Ω—Ç–∏—Ä–æ–≤–∞–Ω–∏—è
dump: –∏—Å–ø–æ–ª—å–∑—É–µ—Ç—Å—è —É—Ç–∏–ª–∏—Ç–æ–π dump
pass: –æ–ø—Ä–µ–¥–µ–ª—è–µ—Ç –ø–æ—Ä—è–¥–æ–∫ –ø—Ä–æ–≤–µ—Ä–∫–∏ –§–° –ø—Ä–∏ –∑–∞–≥—Ä—É–∑–∫–µ

11.2.
–ü—Ä–æ—Å–º–æ—Ç—Ä–∏–º –≤—Å–µ –§–° –∏ –∏—Ö —Ä–∞–∑–º–µ—â–µ–Ω–∏–µ:
ksenox@pupup:~$ lsblk -f
NAME FSTYPE FSVER LABEL UUID                                 FSAVAIL FSUSE% MOUNTPOINTS
loop0
     squash 4.0                                                    0   100% /snap/bare/5
loop1
     squash 4.0                                                    0   100% /snap/core22/1564
loop2
     squash 4.0                                                    0   100% /snap/firefox/4793
loop3
     squash 4.0                                                    0   100% /snap/core22/1748
loop4
     squash 4.0                                                    0   100% /snap/firefox/5783
loop5
     squash 4.0                                                    0   100% /snap/firmware-updater/167
loop6
     squash 4.0                                                    0   100% /snap/gnome-42-2204/176
loop7
     squash 4.0                                                    0   100% /snap/gtk-common-themes/1535
loop8
     squash 4.0                                                    0   100% /snap/firmware-updater/127
loop9
                                                                   0   100% /snap/snap-store/1173
loop10
                                                                   0   100% /snap/snap-store/1248
loop11
                                                                   0   100% /snap/snapd/21759
loop12
                                                                   0   100% /snap/snapd-desktop-integration/178
loop13
                                                                   0   100% /snap/snapd-desktop-integration/253
loop14
                                                                   0   100% /snap/snapd/23545
sda                                                                         
‚îú‚îÄsda1
‚îÇ                                                                           
‚îî‚îÄsda2
     ext4   1.0         de85d574-53f7-4f00-80c9-44c57672bdc4   58.7G     9% /
sr0 

–û—Å–Ω–æ–≤–Ω–æ–π –¥–∏—Å–∫ sda, –∫–æ—Ç–æ—Ä—ã–π –¥–µ–ª–∏—Ç—Å—è –Ω–∞ –¥–≤–∞ —Ä–∞–∑–¥–µ–ª–∞:
1) sda1  - –æ–Ω –Ω–µ –æ–ø—Ä–µ–¥–µ–ª–µ–Ω lsblk.
2) sda2 -  –≤—Ç–æ—Ä–æ–π —Ä–∞–∑–¥–µ–ª, –∫–æ—Ç–æ—Ä—ã–π —Å–º–æ–Ω—Ç–∏—Ä–æ–≤–∞–Ω –∫–∞–∫ –∫–æ—Ä–Ω–µ–≤–æ–π (–∑–¥–µ—Å—å –Ω–∞—Ö–æ–¥–∏—Ç—Å—è Ubuntu).

–û–±—Ä–∞–∑ –ø–æ–ª–Ω–æ–≥–æ –¥–µ—Ä–µ–≤–∞ –§–°:
 ksenox@pupup:~$ findmnt
TARGET   SOURCE      FSTYPE  OPTIONS
/        /dev/sda2   ext4    rw,relatime
‚îú‚îÄ/sys   sysfs       sysfs   rw,nosuid,nodev,noexec,relatime
‚îÇ ‚îú‚îÄ/sys/kernel/security
‚îÇ ‚îÇ      securityfs  securit rw,nosuid,nodev,noexec,relatime
‚îÇ ‚îú‚îÄ/sys/fs/cgroup
‚îÇ ‚îÇ      cgroup2     cgroup2 rw,nosuid,nodev,noexec,relatime,nsdelegate,memory_r
‚îÇ ‚îú‚îÄ/sys/fs/pstore
‚îÇ ‚îÇ      pstore      pstore  rw,nosuid,nodev,noexec,relatime
‚îÇ ‚îú‚îÄ/sys/fs/bpf
‚îÇ ‚îÇ      bpf         bpf     rw,nosuid,nodev,noexec,relatime,mode=700
‚îÇ ‚îú‚îÄ/sys/kernel/debug
‚îÇ ‚îÇ      debugfs     debugfs rw,nosuid,nodev,noexec,relatime
‚îÇ ‚îú‚îÄ/sys/kernel/tracing
‚îÇ ‚îÇ      tracefs     tracefs rw,nosuid,nodev,noexec,relatime
‚îÇ ‚îú‚îÄ/sys/fs/fuse/connections
‚îÇ ‚îÇ      fusectl     fusectl rw,nosuid,nodev,noexec,relatime
‚îÇ ‚îî‚îÄ/sys/kernel/config
‚îÇ        configfs    configf rw,nosuid,nodev,noexec,relatime
‚îú‚îÄ/proc  proc        proc    rw,nosuid,nodev,noexec,relatime
‚îÇ ‚îî‚îÄ/proc/sys/fs/binfmt_misc
‚îÇ        systemd-1   autofs  rw,relatime,fd=32,pgrp=1,timeout=0,minproto=5,maxpr
‚îÇ   ‚îî‚îÄ/proc/sys/fs/binfmt_misc
‚îÇ        binfmt_misc binfmt_ rw,nosuid,nodev,noexec,relatime
‚îú‚îÄ/dev   udev        devtmpf rw,nosuid,relatime,size=4243968k,nr_inodes=1060992,
‚îÇ ‚îú‚îÄ/dev/pts
‚îÇ ‚îÇ      devpts      devpts  rw,nosuid,noexec,relatime,gid=5,mode=620,ptmxmode=0
‚îÇ ‚îú‚îÄ/dev/shm
‚îÇ ‚îÇ      tmpfs       tmpfs   rw,nosuid,nodev,inode64
‚îÇ ‚îú‚îÄ/dev/hugepages
‚îÇ ‚îÇ      hugetlbfs   hugetlb rw,nosuid,nodev,relatime,pagesize=2M
‚îÇ ‚îî‚îÄ/dev/mqueue
‚îÇ        mqueue      mqueue  rw,nosuid,nodev,noexec,relatime
‚îú‚îÄ/run   tmpfs       tmpfs   rw,nosuid,nodev,noexec,relatime,size=856332k,mode=7
‚îÇ ‚îú‚îÄ/run/lock
‚îÇ ‚îÇ      tmpfs       tmpfs   rw,nosuid,nodev,noexec,relatime,size=5120k,inode64
‚îÇ ‚îú‚îÄ/run/user/1000
‚îÇ ‚îÇ      tmpfs       tmpfs   rw,nosuid,nodev,relatime,size=856328k,nr_inodes=214
‚îÇ ‚îÇ ‚îú‚îÄ/run/user/1000/doc
‚îÇ ‚îÇ ‚îÇ    portal      fuse.po rw,nosuid,nodev,relatime,user_id=1000,group_id=1000
‚îÇ ‚îÇ ‚îî‚îÄ/run/user/1000/gvfs
‚îÇ ‚îÇ      gvfsd-fuse  fuse.gv rw,nosuid,nodev,relatime,user_id=1000,group_id=1000
‚îÇ ‚îî‚îÄ/run/snapd/ns
‚îÇ        tmpfs[/snapd/ns]
‚îÇ                    tmpfs   rw,nosuid,nodev,noexec,relatime,size=856332k,mode=7
‚îÇ   ‚îú‚îÄ/run/snapd/ns/snapd-desktop-integration.mnt
‚îÇ   ‚îÇ    nsfs[mnt:[4026532435]]
‚îÇ   ‚îÇ                nsfs    rw
‚îÇ   ‚îî‚îÄ/run/snapd/ns/firefox.mnt
‚îÇ        nsfs[mnt:[4026532225]]
‚îÇ                    nsfs    rw
‚îú‚îÄ/snap/bare/5
‚îÇ        /dev/loop0  squashf ro,nodev,relatime,errors=continue,threads=single
‚îú‚îÄ/snap/core22/1564
‚îÇ        /dev/loop1  squashf ro,nodev,relatime,errors=continue,threads=single
‚îú‚îÄ/snap/firefox/4793
‚îÇ        /dev/loop2  squashf ro,nodev,relatime,errors=continue,threads=single
‚îú‚îÄ/snap/core22/1748
‚îÇ        /dev/loop3  squashf ro,nodev,relatime,errors=continue,threads=single
‚îú‚îÄ/snap/firmware-updater/167
‚îÇ        /dev/loop5  squashf ro,nodev,relatime,errors=continue,threads=single
‚îú‚îÄ/snap/firefox/5783
‚îÇ        /dev/loop4  squashf ro,nodev,relatime,errors=continue,threads=single
‚îú‚îÄ/snap/gtk-common-themes/1535
‚îÇ        /dev/loop7  squashf ro,nodev,relatime,errors=continue,threads=single
‚îú‚îÄ/snap/snap-store/1173
‚îÇ        /dev/loop9  squashf ro,nodev,relatime,errors=continue,threads=single
‚îú‚îÄ/snap/firmware-updater/127
‚îÇ        /dev/loop8  squashf ro,nodev,relatime,errors=continue,threads=single
‚îú‚îÄ/snap/gnome-42-2204/176
‚îÇ        /dev/loop6  squashf ro,nodev,relatime,errors=continue,threads=single
‚îú‚îÄ/snap/snap-store/1248
‚îÇ        /dev/loop10 squashf ro,nodev,relatime,errors=continue,threads=single
‚îú‚îÄ/snap/snapd/21759
‚îÇ        /dev/loop11 squashf ro,nodev,relatime,errors=continue,threads=single
‚îú‚îÄ/snap/snapd-desktop-integration/178
‚îÇ        /dev/loop12 squashf ro,nodev,relatime,errors=continue,threads=single
‚îú‚îÄ/snap/snapd/23545
‚îÇ        /dev/loop14 squashf ro,nodev,relatime,errors=continue,threads=single
‚îî‚îÄ/snap/snapd-desktop-integration/253
         /dev/loop13 squashf ro,nodev,relatime,errors=continue,threads=single
–ö–æ—Ä–Ω–µ–≤–∞—è –§–° —Å–º–æ–Ω—Ç–∏—Ä–æ–≤–∞–Ω–∞ —Å —É—Å—Ç—Ä–æ–π—Å—Ç–≤–∞ /dev/sda2.

–¢–∞–±–ª–∏—Ü–∞ –º–æ–Ω—Ç–∏—Ä–æ–≤–∞–Ω–∏—è (/etc/fstab):
ksenox@pupup:~$ cat /etc/fstab
# /etc/fstab: static file system information.
#
# Use 'blkid' to print the universally unique identifier for a
# device; this may be used with UUID= as a more robust way to name devices
# that works even if disks are added and removed. See fstab(5).
#
# <file system> <mount point>   <type>  <options>       <dump>  <pass>
# / was on /dev/sda2 during curtin installation
/dev/disk/by-uuid/de85d574-53f7-4f00-80c9-44c57672bdc4 / ext4 defaults 0 1

/dev/disk/by-uuid/de85d574-53f7-4f00-80c9-44c57672bdc4 - —ç—Ç–æ –¥–∏—Å–∫, –∫–æ—Ç–æ—Ä—ã–π –∏–Ω–¥–µ—Ñ. –ø–æ UUID
/ - —Ç–æ—á–∫–∞ –º–æ–Ω—Ç–∏—Ä–æ–≤–∞–Ω–∏—è
ext4 - —Ç–∏–ø –§–°
defaults - —Å—Ç–∞–Ω–¥–∞—Ä—Ç–Ω—ã–µ –ø–∞—Ä–∞–º–µ—Ç—Ä—ã –º–æ–Ω—Ç–∏—Ä–æ–≤–∞–Ω–∏—è (—á—Ç–µ–Ω–∏–µ –∏ –∑–∞–ø–∏—Å—å, –æ–±–Ω–æ–≤–ª–µ–Ω–∏–µ –¥–æ—Å—Ç—É–ø–∞ —Å –∑–∞–¥–µ—Ä–∂–∫–æ–π –∏ –ø–µ—Ä–µ–∫–ª—é—á–µ–Ω–∏–µ –≤ read-only –ø—Ä–∏ –æ—à–∏–±–∫–∞—Ö)
0 - –§–° –Ω–µ –≤–∫–ª—é—á–µ–Ω–∞ –≤ —Ä–µ–∑–µ—Ä–≤–Ω–æ–µ –∫–æ–ø–∏—Ä–æ–≤–∞–Ω–∏–µ
1 - –ø—Ä–æ–≤–µ—Ä—è–µ—Ç—Å—è –ø—Ä–∏ –∑–∞–≥—Ä—É–∑–∫–µ –ø–µ—Ä–µ–¥ –æ—Å—Ç–∞–ª—å–Ω—ã–º–∏

11.3. –ù–∞–π–¥–µ–º –º–∞–∫—Å–∏–º–∞–ª—å–Ω—É—é –¥–ª–∏–Ω—É –§–°:
ksenox@pupup:~$ getconf PATH_MAX /
4096
–ù–∞–π–¥–µ–º –º–∞–∫—Å–∏–º–∞–ª—å–Ω–æ–µ –¥–µ—Ä–µ–≤–æ:
ksenox@pupup:~$ sudo find / -type d | awk -F/ '{print NF-1, $0}' | sort -nr | head -10 2>/dev/null
find: ‚Äò/run/user/1000/doc‚Äô: –û—Ç–∫–∞–∑–∞–Ω–æ –≤ –¥–æ—Å—Ç—É–ø–µ
find: ‚Äò/run/user/1000/gvfs‚Äô: –û—Ç–∫–∞–∑–∞–Ω–æ –≤ –¥–æ—Å—Ç—É–ø–µ
14 /home/ksenox/snap/firefox/common/.mozilla/firefox/zlhgz3yf.default/storage/permanent/chrome/idb/3870112724rsegmnoittet-es.files/journals
14 /home/ksenox/snap/firefox/common/.mozilla/firefox/zlhgz3yf.default/storage/default/moz-extension+++f9abe0f0-c239-431c-ab5c-c9cd67cefa03/idb/1671402671ueBglaorcokt0SCeahc.files/journals
14 /home/ksenox/snap/firefox/common/.mozilla/firefox/zlhgz3yf.default/storage/default/https+++web.telegram.org/idb/295338591tatt-ad.files/journals
14 /home/ksenox/snap/firefox/common/.mozilla/firefox/zlhgz3yf.default/storage/default/https+++web.telegram.org/cache/morgue/99
14 /home/ksenox/snap/firefox/common/.mozilla/firefox/zlhgz3yf.default/storage/default/https+++web.telegram.org/cache/morgue/98
14 /home/ksenox/snap/firefox/common/.mozilla/firefox/zlhgz3yf.default/storage/default/https+++web.telegram.org/cache/morgue/97
14 /home/ksenox/snap/firefox/common/.mozilla/firefox/zlhgz3yf.default/storage/default/https+++web.telegram.org/cache/morgue/96
14 /home/ksenox/snap/firefox/common/.mozilla/firefox/zlhgz3yf.default/storage/default/https+++web.telegram.org/cache/morgue/95
14 /home/ksenox/snap/firefox/common/.mozilla/firefox/zlhgz3yf.default/storage/default/https+++web.telegram.org/cache/morgue/94
14 /home/ksenox/snap/firefox/common/.mozilla/firefox/zlhgz3yf.default/storage/default/https+++web.telegram.org/cache/morgue/93

12. –ü—Ä–æ–∞–Ω–∞–ª–∏–∑–∏—Ä—É–µ–º —Ä–∞–±–æ—Ç—É —É—Ç–∏–ª–∏—Ç—ã file:
ksenox@pupup:~$ file outfile
outfile:  ELF 64-bit LSB pie executable, x86-64, version 1 (SYSV), dynamically linked, interpreter /lib64/ld-linux-x86-64.so.2, BuildID[sha1]=bc4718d95bb89fc467e8481a39f0f384e1aa3990, for GNU/Linux 3.2.0, not stripped
ksenox@pupup:~/test_dir$ file file3
file3: ASCII text
–î–∞–Ω–Ω–∞—è —É—Ç–∏–ª–∏—Ç–∞ –æ–ø—Ä–µ–¥–µ–ª—è–µ—Ç —Ç–∏–ø —Ñ–∞–π–ª–∞ –Ω–∞ –æ—Å–Ω–æ–≤–µ –µ–≥–æ —Å–æ–¥–µ—Ä–∂–∏–º–æ–≥–æ, –ø–æ–∫–∞–∑—ã–≤–∞–µ—Ç —Ä–∞–∑—Ä—è–¥–Ω–æ—Å—Ç—å –∏ –∞—Ä—Ö–∏—Ç–µ–∫—Ç—É—Ä—É –¥–ª—è –∏—Å–ø–æ–ª–Ω—è–µ–º—ã—Ö —Ñ–∞–π–ª–æ–≤, –≤—ã–≤–æ–¥–∏—Ç –∫–æ–¥–∏—Ä–æ–≤–∫—É —Ç–µ–∫—Å—Ç–∞ –∏ —Ä–∞–±–æ—Ç–∞–µ—Ç –Ω–∞ –æ—Å–Ω–æ–≤–µ –º–∞–≥–∏—á–µ—Å–∫–∏—Ö —á–∏—Å–µ–ª (–æ–ø—Ä–µ–¥–µ–ª–µ–Ω–Ω—ã–µ –ø–æ—Å–ª–µ–¥–æ–≤–∞—Ç–µ–ª—å–Ω–æ—Å—Ç–∏ –±–∞–π—Ç–æ–≤, –∫–æ—Ç–æ—Ä—ã–µ –∏—Å–ø–æ–ª—å–∑—É—é—Ç –¥–ª—è –∏–¥–µ–Ω—Ç–∏—Ñ–∏–∫–∞—Ü–∏–∏ —Ç–∏–ø–∞ —Ñ–∞–π–ª–∞ –∏–ª–∏ —Å—Ç—Ä—É–∫—Ç—É—Ä—ã –¥–∞–Ω–Ω—ã—Ö).

12.1.
–ê–ª–≥–æ—Ä–∏—Ç–º —Ñ—É–Ω–∫—Ü–∏–æ–Ω–∏—Ä–æ–≤–∞–Ω–∏—è —É—Ç–∏–ª–∏—Ç—ã file:
1. –ß—Ç–µ–Ω–∏–µ —Ñ–∞–π–ª–∞ - —É—Ç–∏–ª–∏—Ç–∞ –ø–æ–ª—É—á–∞–µ—Ç –∏–º—è —Ñ–∞–π–ª–∞ –≤ –∫–∞—á–µ—Å—Ç–≤–µ –∞—Ä–≥—É–º–µ–Ω—Ç–∞, –ø–æ—Å–ª–µ –æ—Ç–∫—Ä—ã–≤–∞–µ—Ç –µ–≥–æ –∏ —á–∏—Ç–∞–µ—Ç, –Ω–∞—á–∏–Ω–∞—è —Å –ø–µ—Ä–≤—ã–π –±–∞–π—Ç–æ–≤, —á—Ç–æ–±—ã –ø–æ–ª—É—á–∏—Ç—å –∏–Ω—Ñ–æ—Ä–º–∞—Ü–∏—é –¥–ª—è –∞–Ω–∞–ª–∏–∑–∞.
2. –ü—Ä–æ–≤–µ—Ä–∫–∞ –±–∞–∑—ã –¥–∞–Ω–Ω—ã—Ö –º–∞–≥–∏—á–µ—Å–∫–∏—Ö —á–∏—Å–µ–ª - —É—Ç–∏–ª–∏—Ç–∞ –∏—Å–ø–æ–ª—å–∑—É–µ—Ç —Ñ–∞–π–ª —Å –º–∞–≥–∏—á–µ—Å–∫–∏–º–∏ —á–∏—Å–ª–∞–º–∏ (/usr/share/file/magic.mgc)
3. –ò–¥–µ–Ω—Ç–∏—Ñ–∏–∫–∞—Ü–∏—è —Ç–∏–ø–∞ —Ñ–∞–π–ª–∞ - –ø—Ä–æ–≤–µ—Ä—è—é—Ç—Å—è –ø–µ—Ä–≤—ã–π –Ω–µ—Å–∫–æ–ª—å–∫–æ –±–∞–π—Ç–æ–≤ –∏ —Å—Ä–∞–≤–Ω–∏–≤–∞—é—Ç—Å—è —Å –º–∞–≥–∏—á–µ—Å–∫–∏–º–∏ —á–∏—Å–ª–∞–º–∏. –ï—Å–ª–∏ —Å–æ–≤–ø–∞–¥–µ–Ω–∏–µ –Ω–∞–π–¥–µ–Ω–æ, —É—Ç–∏–ª–∏—Ç–∞ –æ–ø—Ä–µ–¥–µ–ª—è–µ—Ç —Ç–∏–ø —Ñ–∞–π–ª–∞. 
4. –ò—Å–ø–æ–ª—å–∑–æ–≤–∞–Ω–∏–µ –¥–æ–ø–æ–ª–Ω–∏—Ç–µ–ª—å–Ω–æ–π –∏–Ω—Ñ–æ—Ä–º–∞—Ü–∏–∏ –∏ –≤—ã–≤–æ–¥ - –∏–Ω–æ–≥–¥–∞ —É—Ç–∏–ª–∏—Ç–∞ –º–æ–∂–µ—Ç –∏—Å–ø–æ–ª—å–∑–æ–≤–∞—Ç—å –¥–æ–ø–æ–ª–Ω–∏—Ç–µ–ª—å–Ω—ã–µ –¥–∞–Ω–Ω—ã–µ, —á—Ç–æ–±—ã –±–æ–ª–µ–µ —Ç–æ—á–Ω–æ –æ–ø—Ä–µ–¥–µ–ª–∏—Ç—å —Ç–∏–ø —Ñ–∞–π–ª–∞. –ü–æ—Å–ª–µ —ç—Ç–æ–≥–æ –æ–Ω–∞ –≤—ã–≤–æ–¥–∏—Ç —Ä–µ–∑—É–ª—å—Ç–∞—Ç.

–ò—Å—Å–ª–µ–¥—É–µ–º —Ñ–∞–π–ª /usr/share/file/magic.mgc
ksenox@pupup:/usr/share/file$ cat magic.mgc | head -n 10
 a?	 =//Brain Vision Data Exchange Marker File, VersionBiosig/Brainvision Marker filebiosig/brainvision =.zFileId=TMSi PortiLab sample log file
Version=Biosig/TMSiLOGbiosig/tmsilog =+}Synergy89(&88)&888&8888=?~CRawDataElement=UCRawDataBufferBiosig/SYNERGYbiosig/synergy =+.Brain Vision V-Amp Data Header File VersionBiosig/Brainvision V-Amp file =&-Brain Vision Data Exchange Header FileBiosig/Brainvision data file =&MetaView Service Assurance Export FileMetaView SAS export'Version x/, version %c =%	-----BEGIN ENCRYPTED PRIVATE KEY-----OpenSSH private key (with password) =$DFS File
http://www.difstream.com
SmartVersion binary patch file =#-----BEGIN OPENSSH PRIVATE KEY-----OpenSSH private key ="-----BEGIN PGP SIGNED MESSAGE-----=" 

=AUX=.gentoo-manifest=DATA=. gentoo-manifest=
                                             IST=.gentoo-manifest=EBUILD=.gentoo-manifestMANIFEST=. gentoo-manifest ="1-----BEGIN AGE ENCRYPTED FILE-----age encrypted file, ASCII armored ="Novell Message Librarian Data FileNovell message librarian datamsg =!jX5O!P%@AP[4\PZX54(P^)7CC)7}$EICAR=#!k-STANDARD-ANTIVIRUS-TEST-FILE!$H+H*EICAR virus test files =!ATES MEDICA SOFT. EEG for WindowsBiosig/ATES MEDICA SOFT. EEG for Windowsbiosig/ates = i   SketchUp ModelSketchUp Modelapplication/vnd.sketchup.skpskp = NetImmerse File Format, Version=!n NetImmerse game engine file=
"[0-9a-z.]+, version %s = SC68 Music-file / (c) (BeN)jamisc68 Atari ST music = C64 tape image fileT64 tape Imagex
  Version:%#x!
$ Entries:%ix( Name:%.24s = C64S tape image fileT64 tape Imagex
  Version:%#x!
 
–î–∞–Ω–Ω—ã–π —Ñ–∞–π–ª —Å–æ–¥–µ—Ä–∂–∏—Ç –ø—Ä–∞–≤–∏–ª–∞, –æ–ø–∏—Å—ã–≤–∞—é—â–∏–µ —Ä–∞–∑–ª–∏—á–Ω—ã–µ —Ñ–æ—Ä–º–∞—Ç—ã —Ñ–∞–π–ª–æ–≤, –∏—Ö –º–∞–≥–∏—á–µ—Å–∫–∏–µ —á–∏—Å–ª–∞ –∏ –¥–æ–ø–æ–ª–Ω–∏—Ç–µ–ª—å–Ω—ã–µ –ø—Ä–æ–≤–µ—Ä–∫–∏.

12.2. –í—ã–ø–æ–ª–Ω–∏–º —É—Ç–∏–ª–∏—Ç—É file —Å —Ä–∞–∑–Ω—ã–º–∏ –∫–ª—é—á–∞–º–∏:
ksenox@pupup:~$ file -i hl.txt
hl.txt: text/plain; charset=us-ascii
–í—ã–≤–æ–¥–∏—Ç MIME-—Ç–∏–ø —Ñ–∞–π–ª–∞.

ksenox@pupup:~$ file -k outfile
outfile: setuid ELF 64-bit LSB pie executable, x86-64, version 1\012-  (SYSV), dynamically linked, interpreter /lib64/ld-linux-x86-64.so.2, BuildID[sha1]=bc4718d95bb89fc467e8481a39f0f384e1aa3990, for GNU/Linux 3.2.0, not stripped\012- data
–í—ã–≤–æ–¥–∏—Ç —Ç–∏–ø —Ñ–∞–π–ª–∞ —Å –¥–æ–ø–æ–ª–Ω–∏—Ç–µ–ª—å–Ω—ã–º–∏ –º–µ—Ç–∫–∞–º–∏.

ksenox@pupup:~$ file -b outfile
setuid ELF 64-bit LSB pie executable, x86-64, version 1 (SYSV), dynamically linked, interpreter /lib64/ld-linux-x86-64.so.2, BuildID[sha1]=bc4718d95bb89fc467e8481a39f0f384e1aa3990, for GNU/Linux 3.2.0, not stripped
–í—ã–≤–æ–¥–∏—Ç —Ç–∏–ø —Ñ–∞–π–ª–∞ –±–µ–∑ –¥–æ–ø–æ–ª–Ω–∏—Ç–µ–ª—å–Ω—ã—Ö –æ–ø–∏—Å–∞–Ω–∏–π.

12.3.
–°–æ–∑–¥–∞–¥–∏–º –Ω–æ–≤—ã–π —Ç–∏–ø —Ñ–∞–π–ª–∞ —Å —Å–æ–±—Å—Ç–≤–µ–Ω–Ω—ã–º–∏ –º–∞–≥–∏—á–µ—Å–∫–∏–º–∏ —á–∏—Å–ª–∞–º–∏:
ksenox@pupup:~$ echo -n -e '\x18\x06\x25' > customfile
ksenox@pupup:~$ file customfile 
customfile: data

–û–±–Ω–æ–≤–∏–º –±–∞–∑—É –¥–∞–Ω–Ω—ã—Ö –º–∞–≥–∏—á–µ—Å–∫–∏—Ö —á–∏—Å–µ–ª –∏ –≤—ã–≤–µ–¥–µ–º —Ä–µ–∑—É–ª—å—Ç–∞—Ç:
ksenox@pupup:~$ cd /usr/share/file/magic
ksenox@pupup:/usr/share/file/magic$ sudo vim custom
ksenox@pupup:/usr/share/file/magic$ cat custom 
0 string \x18\x06\x25 CustomType
ksenox@pupup:/usr/share/file/magic$ cd /home/ksenox/
ksenox@pupup:~$ file -m /usr/share/misc/magic customfile 
customfile: CustomType